Component: ARM Compiler 5.06 update 6 (build 750) Tool: armlink [4d35ed]

==============================================================================

Section Cross References

    main.o(.text) refers to rtx_kernel.o(.text) for osKernelGetState
    main.o(.text) refers to stm32f4xx_hal_rcc.o(.text) for HAL_RCC_OscConfig
    main.o(.text) refers to stm32f4xx_hal.o(.text) for HAL_GetREVID
    main.o(.text) refers to system_stm32f4xx.o(.text) for SystemCoreClockUpdate
    main.o(.text) refers to rtx_thread.o(.text) for osThreadNew
    main.o(.text) refers to system_stm32f4xx.o(.data) for SystemCoreClock
    main.o(.text) refers to main.o(.data) for .data
    main.o(.text) refers to blinky.o(.text) for app_main
    blinky.o(.text) refers to rtx_thread.o(.text) for osThreadFlagsWait
    blinky.o(.text) refers to rtx_delay.o(.text) for osDelay
    blinky.o(.text) refers to led_f429discovery.o(.text) for LED_On
    blinky.o(.text) refers to buttons_f429discovery.o(.text) for Buttons_GetState
    blinky.o(.text) refers to blinky.o(.data) for .data
    buttons_f429discovery.o(.text) refers to stm32f4xx_hal_gpio.o(.text) for HAL_GPIO_Init
    led_f429discovery.o(.text) refers to stm32f4xx_hal_gpio.o(.text) for HAL_GPIO_Init
    led_f429discovery.o(.text) refers to led_f429discovery.o(.constdata) for .constdata
    irq_cm4f.o(.text) refers to rtx_system.o(.text) for osRtxPendSV_Handler
    irq_cm4f.o(.text) refers to rtx_kernel.o(.data.os) for osRtxInfo
    irq_cm4f.o(.text) refers to rtx_lib.o(.constdata) for osRtxUserSVC
    rtx_delay.o(.text) refers to rtx_thread.o(.text) for osRtxThreadWaitEnter
    rtx_delay.o(.text) refers to rtx_evr.o(.text) for EvrRtxDelayStarted
    rtx_delay.o(.text) refers to rtx_kernel.o(.data.os) for osRtxInfo
    rtx_evflags.o(.text) refers to rtx_evflags.o(.emb_text) for __asm___13_rtx_evflags_c_e167c757__atomic_set32
    rtx_evflags.o(.text) refers to rtx_thread.o(.text) for osRtxThreadListRemove
    rtx_evflags.o(.text) refers to rtx_evr.o(.text) for EvrRtxEventFlagsWaitCompleted
    rtx_evflags.o(.text) refers to rtx_mempool.o(.text) for osRtxMemoryPoolAlloc
    rtx_evflags.o(.text) refers to rtx_memory.o(.text) for osRtxMemoryAlloc
    rtx_evflags.o(.text) refers to rtx_system.o(.text) for osRtxPostProcess
    rtx_evflags.o(.text) refers to rtx_kernel.o(.data.os) for osRtxInfo
    rtx_evr.o(.text) refers to eventrecorder.o(.text) for EventRecord4
    rtx_kernel.o(.text) refers to os_systick.o(.text) for OS_Tick_Disable
    rtx_kernel.o(.text) refers to rtx_evr.o(.text) for EvrRtxKernelError
    rtx_kernel.o(.text) refers to memseta.o(.text) for __aeabi_memclr4
    rtx_kernel.o(.text) refers to rtx_memory.o(.text) for osRtxMemoryInit
    rtx_kernel.o(.text) refers to rtx_mempool.o(.text) for osRtxMemoryPoolInit
    rtx_kernel.o(.text) refers to memcpya.o(.text) for __aeabi_memcpy
    rtx_kernel.o(.text) refers to rtx_thread.o(.text) for osRtxThreadStartup
    rtx_kernel.o(.text) refers to rtx_kernel.o(.data.os) for .data.os
    rtx_kernel.o(.text) refers to rtx_lib.o(.rodata) for osRtxConfig
    rtx_kernel.o(.text) refers to irq_cm4f.o(.text) for SysTick_Handler
    rtx_kernel.o(.text) refers to rtx_lib.o(.text) for osRtxKernelPreInit
    rtx_kernel.o(.data.os) refers to rtx_kernel.o(.conststrlit) for .conststrlit
    rtx_lib.o(.text) refers to rtx_kernel.o(.text) for osKernelGetState
    rtx_lib.o(.text) refers to eventrecorder.o(.text) for EventRecorderInitialize
    rtx_lib.o(.constdata) refers to rtx_lib.o(.bss.os.thread.cb) for os_idle_thread_cb
    rtx_lib.o(.constdata) refers to rtx_lib.o(.bss.os.thread.stack) for os_idle_thread_stack
    rtx_lib.o(.constdata) refers to rtx_lib.o(.bss.os.thread.cb) for os_timer_thread_cb
    rtx_lib.o(.constdata) refers to rtx_lib.o(.bss.os.thread.stack) for os_timer_thread_stack
    rtx_lib.o(.constdata) refers to rtx_lib.o(.bss.os.msgqueue.cb) for os_timer_mq_cb
    rtx_lib.o(.constdata) refers to rtx_lib.o(.bss.os.msgqueue.mem) for os_timer_mq_data
    rtx_lib.o(.data) refers to irq_cm4f.o(.constdata) for irqRtxLib
    rtx_lib.o(.rodata) refers to rtx_lib.o(.bss.os) for os_isr_queue
    rtx_lib.o(.rodata) refers to rtx_lib.o(.bss.os) for os_mem
    rtx_lib.o(.rodata) refers to rtx_lib.o(.constdata) for os_idle_thread_attr
    rtx_lib.o(.rodata) refers to rtx_lib.o(.constdata) for os_timer_thread_attr
    rtx_lib.o(.rodata) refers to rtx_lib.o(.constdata) for os_timer_mq_attr
    rtx_memory.o(.text) refers to rtx_evr.o(.text) for EvrRtxMemoryInit
    rtx_mempool.o(.text) refers to rtx_evr.o(.text) for EvrRtxMemoryBlockInit
    rtx_mempool.o(.text) refers to rtx_mempool.o(.emb_text) for __asm___13_rtx_mempool_c_7914b4c7__atomic_link_get
    rtx_mempool.o(.text) refers to rtx_thread.o(.text) for osRtxThreadListGet
    rtx_mempool.o(.text) refers to rtx_memory.o(.text) for osRtxMemoryAlloc
    rtx_mempool.o(.text) refers to memseta.o(.text) for __aeabi_memclr
    rtx_mempool.o(.text) refers to rtx_system.o(.text) for osRtxPostProcess
[...]
    .ARM.Collect$$$$00000001                 0x080001ac   Section        4  entry2.o(.ARM.Collect$$$$00000001)
    .ARM.Collect$$$$00000004                 0x080001b0   Section        4  entry5.o(.ARM.Collect$$$$00000004)
    .ARM.Collect$$$$00000008                 0x080001b4   Section        0  entry7b.o(.ARM.Collect$$$$00000008)
    .ARM.Collect$$$$0000000A                 0x080001b4   Section        0  entry8b.o(.ARM.Collect$$$$0000000A)
    .ARM.Collect$$$$0000000B                 0x080001b4   Section        8  entry9a.o(.ARM.Collect$$$$0000000B)
    .ARM.Collect$$$$0000000D                 0x080001bc   Section        0  entry10a.o(.ARM.Collect$$$$0000000D)
    .ARM.Collect$$$$0000000F                 0x080001bc   Section        0  entry11a.o(.ARM.Collect$$$$0000000F)
    .ARM.Collect$$$$00002712                 0x080001bc   Section        4  entry2.o(.ARM.Collect$$$$00002712)
    __lit__00000000                          0x080001bc   Data           4  entry2.o(.ARM.Collect$$$$00002712)
    .emb_text                                0x080001c0   Section      328  rtx_mempool.o(.emb_text)
    $v0                                      0x080001c0   Number         0  rtx_mempool.o(.emb_text)
    .emb_text                                0x08000308   Section      328  rtx_msgqueue.o(.emb_text)
    $v0                                      0x08000308   Number         0  rtx_msgqueue.o(.emb_text)
    .emb_text                                0x08000450   Section      328  rtx_system.o(.emb_text)
    $v0                                      0x08000450   Number         0  rtx_system.o(.emb_text)
    .emb_text                                0x08000598   Section      328  rtx_thread.o(.emb_text)
    $v0                                      0x08000598   Number         0  rtx_thread.o(.emb_text)
    .emb_text                                0x080006e0   Section      116  eventrecorder.o(.emb_text)
    $v0                                      0x080006e0   Number         0  eventrecorder.o(.emb_text)
    .text                                    0x08000754   Section        0  main.o(.text)
    Error_Handler                            0x08000797   Thumb Code     2  main.o(.text)
    SystemClock_Config                       0x08000799   Thumb Code   146  main.o(.text)
    .text                                    0x08000864   Section        0  blinky.o(.text)
    thrBUT                                   0x080008a3   Thumb Code    36  blinky.o(.text)
    .text                                    0x080008f8   Section        0  buttons_f429discovery.o(.text)
    .text                                    0x08000958   Section        0  led_f429discovery.o(.text)
    .text                                    0x08000a20   Section        0  rtx_config.o(.text)
    .text                                    0x08000a24   Section      196  irq_cm4f.o(.text)
    $v0                                      0x08000a24   Number         0  irq_cm4f.o(.text)
    .text                                    0x08000ae8   Section        0  rtx_delay.o(.text)
    svcRtxDelay                              0x08000ae9   Thumb Code    38  rtx_delay.o(.text)
    svcRtxDelayUntil                         0x08000b0f   Thumb Code    60  rtx_delay.o(.text)
    IsIrqMode                                0x08000ba7   Thumb Code    12  rtx_delay.o(.text)
    IsIrqMasked                              0x08000bb3   Thumb Code    20  rtx_delay.o(.text)
    .text                                    0x08000bd4   Section        0  rtx_evr.o(.text)
    .text                                    0x08001524   Section        0  rtx_kernel.o(.text)
    KernelBlock                              0x08001525   Thumb Code    38  rtx_kernel.o(.text)
    KernelUnblock                            0x0800154b   Thumb Code    30  rtx_kernel.o(.text)
    svcRtxKernelInitialize                   0x08001569   Thumb Code   330  rtx_kernel.o(.text)
    svcRtxKernelGetInfo                      0x080016b3   Thumb Code    56  rtx_kernel.o(.text)
    svcRtxKernelGetState                     0x080016eb   Thumb Code     6  rtx_kernel.o(.text)
    svcRtxKernelStart                        0x080016f1   Thumb Code   166  rtx_kernel.o(.text)
    svcRtxKernelLock                         0x08001797   Thumb Code    52  rtx_kernel.o(.text)
    svcRtxKernelUnlock                       0x080017cb   Thumb Code    52  rtx_kernel.o(.text)
    svcRtxKernelRestoreLock                  0x080017ff   Thumb Code    72  rtx_kernel.o(.text)
    svcRtxKernelSuspend                      0x08001847   Thumb Code    62  rtx_kernel.o(.text)
    svcRtxKernelResume                       0x08001885   Thumb Code   122  rtx_kernel.o(.text)
    svcRtxKernelGetTickCount                 0x080018ff   Thumb Code    50  rtx_kernel.o(.text)
    svcRtxKernelGetTickFreq                  0x08001931   Thumb Code    14  rtx_kernel.o(.text)
    svcRtxKernelGetSysTimerCount             0x0800193f   Thumb Code    44  rtx_kernel.o(.text)
    svcRtxKernelGetSysTimerFreq              0x0800196b   Thumb Code    18  rtx_kernel.o(.text)
    IsIrqMode                                0x08001b7f   Thumb Code    12  rtx_kernel.o(.text)
    IsIrqMasked                              0x08001b8b   Thumb Code    20  rtx_kernel.o(.text)
    .text                                    0x08001bdc   Section        0  rtx_lib.o(.text)
    evr_initialize                           0x08001bf1   Thumb Code   124  rtx_lib.o(.text)
    .text                                    0x08001c6c   Section        0  rtx_memory.o(.text)
    .text                                    0x08001d90   Section        0  rtx_mempool.o(.text)
    osRtxMemoryPoolPostProcess               0x08001e51   Thumb Code    52  rtx_mempool.o(.text)
    svcRtxMemoryPoolNew                      0x08001e85   Thumb Code   338  rtx_mempool.o(.text)
    svcRtxMemoryPoolGetName                  0x08001fd7   Thumb Code    38  rtx_mempool.o(.text)
    svcRtxMemoryPoolAlloc                    0x08001ffd   Thumb Code   102  rtx_mempool.o(.text)
    svcRtxMemoryPoolFree                     0x08002063   Thumb Code   114  rtx_mempool.o(.text)
    svcRtxMemoryPoolGetCapacity              0x080020d5   Thumb Code    38  rtx_mempool.o(.text)
    svcRtxMemoryPoolGetBlockSize             0x080020fb   Thumb Code    38  rtx_mempool.o(.text)
    svcRtxMemoryPoolGetCount                 0x08002121   Thumb Code    38  rtx_mempool.o(.text)
    svcRtxMemoryPoolGetSpace                 0x08002147   Thumb Code    46  rtx_mempool.o(.text)
    svcRtxMemoryPoolDelete                   0x08002175   Thumb Code   118  rtx_mempool.o(.text)
    IsIrqMode                                0x080023ef   Thumb Code    12  rtx_mempool.o(.text)
    IsIrqMasked                              0x080023fb   Thumb Code    20  rtx_mempool.o(.text)
    .text                                    0x08002418   Section        0  rtx_msgqueue.o(.text)
    MessageQueuePut                          0x08002419   Thumb Code    66  rtx_msgqueue.o(.text)
    MessageQueueGet                          0x0800245b   Thumb Code    42  rtx_msgqueue.o(.text)
    MessageQueueRemove                       0x08002485   Thumb Code    30  rtx_msgqueue.o(.text)
    osRtxMessageQueuePostProcess             0x080024a3   Thumb Code   242  rtx_msgqueue.o(.text)
    svcRtxMessageQueueNew                    0x08002595   Thumb Code   360  rtx_msgqueue.o(.text)
    svcRtxMessageQueueGetName                0x080026fd   Thumb Code    38  rtx_msgqueue.o(.text)
    svcRtxMessageQueuePut                    0x08002723   Thumb Code   244  rtx_msgqueue.o(.text)
    svcRtxMessageQueueGet                    0x08002817   Thumb Code   268  rtx_msgqueue.o(.text)
    svcRtxMessageQueueGetCapacity            0x08002923   Thumb Code    38  rtx_msgqueue.o(.text)
    svcRtxMessageQueueGetMsgSize             0x08002949   Thumb Code    38  rtx_msgqueue.o(.text)
    svcRtxMessageQueueGetCount               0x0800296f   Thumb Code    38  rtx_msgqueue.o(.text)
    svcRtxMessageQueueGetSpace               0x08002995   Thumb Code    46  rtx_msgqueue.o(.text)
    svcRtxMessageQueueReset                  0x080029c3   Thumb Code   192  rtx_msgqueue.o(.text)
    svcRtxMessageQueueDelete                 0x08002a83   Thumb Code   130  rtx_msgqueue.o(.text)
    IsIrqMode                                0x08002d77   Thumb Code    12  rtx_msgqueue.o(.text)
    IsIrqMasked                              0x08002d83   Thumb Code    20  rtx_msgqueue.o(.text)
    .text                                    0x08002dc4   Section        0  rtx_mutex.o(.text)
    svcRtxMutexNew                           0x08002e1d   Thumb Code   144  rtx_mutex.o(.text)
    svcRtxMutexGetName                       0x08002ead   Thumb Code    38  rtx_mutex.o(.text)
    svcRtxMutexAcquire                       0x08002ed3   Thumb Code   222  rtx_mutex.o(.text)
    svcRtxMutexRelease                       0x08002fb1   Thumb Code   232  rtx_mutex.o(.text)
    svcRtxMutexGetOwner                      0x08003099   Thumb Code    54  rtx_mutex.o(.text)
    svcRtxMutexDelete                        0x080030cf   Thumb Code   186  rtx_mutex.o(.text)
    IsIrqMode                                0x080032af   Thumb Code    12  rtx_mutex.o(.text)
    IsIrqMasked                              0x080032bb   Thumb Code    20  rtx_mutex.o(.text)
    .text                                    0x080032d8   Section        0  rtx_system.o(.text)
    isr_queue_put                            0x080032d9   Thumb Code    48  rtx_system.o(.text)
    isr_queue_get                            0x08003309   Thumb Code    40  rtx_system.o(.text)
    .text                                    0x08003428   Section        0  rtx_thread.o(.text)
    ThreadFlagsSet                           0x08003429   Thumb Code     6  rtx_thread.o(.text)
    ThreadFlagsClear                         0x0800342f   Thumb Code     6  rtx_thread.o(.text)
    ThreadFlagsCheck                         0x08003435   Thumb Code    46  rtx_thread.o(.text)
    osRtxThreadListRoot                      0x0800349f   Thumb Code    12  rtx_thread.o(.text)
    osRtxThreadListUnlink                    0x080034ed   Thumb Code    30  rtx_thread.o(.text)
    osRtxThreadDelayInsert                   0x08003515   Thumb Code    92  rtx_thread.o(.text)
    osRtxThreadDelayRemove                   0x08003571   Thumb Code    76  rtx_thread.o(.text)
    osRtxThreadBlock                         0x08003693   Thumb Code    46  rtx_thread.o(.text)
    osRtxThreadPostProcess                   0x080037d1   Thumb Code    58  rtx_thread.o(.text)
    osRtxThreadFree                          0x0800380b   Thumb Code    84  rtx_thread.o(.text)
    svcRtxThreadExit                         0x0800385f   Thumb Code   110  rtx_thread.o(.text)
    svcRtxThreadNew                          0x080038e3   Thumb Code   530  rtx_thread.o(.text)
    svcRtxThreadGetName                      0x08003af5   Thumb Code    38  rtx_thread.o(.text)
    svcRtxThreadGetId                        0x08003b1b   Thumb Code    16  rtx_thread.o(.text)
    svcRtxThreadGetState                     0x08003b2b   Thumb Code    42  rtx_thread.o(.text)
    svcRtxThreadGetStackSize                 0x08003b55   Thumb Code    38  rtx_thread.o(.text)
    svcRtxThreadGetStackSpace                0x08003b7b   Thumb Code    86  rtx_thread.o(.text)
    svcRtxThreadSetPriority                  0x08003bd1   Thumb Code   100  rtx_thread.o(.text)
    svcRtxThreadGetPriority                  0x08003c35   Thumb Code    56  rtx_thread.o(.text)
    svcRtxThreadYield                        0x08003c6d   Thumb Code    56  rtx_thread.o(.text)
    svcRtxThreadSuspend                      0x08003ca5   Thumb Code   162  rtx_thread.o(.text)
    svcRtxThreadResume                       0x08003d47   Thumb Code    84  rtx_thread.o(.text)
    svcRtxThreadDetach                       0x08003d9b   Thumb Code   106  rtx_thread.o(.text)
    svcRtxThreadJoin                         0x08003e05   Thumb Code   146  rtx_thread.o(.text)
    svcRtxThreadTerminate                    0x08003e97   Thumb Code   222  rtx_thread.o(.text)
    svcRtxThreadGetCount                     0x08003f75   Thumb Code    54  rtx_thread.o(.text)
    svcRtxThreadEnumerate                    0x08003fab   Thumb Code    90  rtx_thread.o(.text)
    svcRtxThreadFlagsSet                     0x08004005   Thumb Code   142  rtx_thread.o(.text)
    svcRtxThreadFlagsClear                   0x08004093   Thumb Code    64  rtx_thread.o(.text)
    svcRtxThreadFlagsGet                     0x080040d3   Thumb Code    32  rtx_thread.o(.text)
    svcRtxThreadFlagsWait                    0x080040f3   Thumb Code   146  rtx_thread.o(.text)
    IsIrqMode                                0x08004579   Thumb Code    12  rtx_thread.o(.text)
    IsIrqMasked                              0x08004585   Thumb Code    20  rtx_thread.o(.text)
    .text                                    0x080045e8   Section        0  rtx_timer.o(.text)
    TimerInsert                              0x080045e9   Thumb Code    50  rtx_timer.o(.text)
    TimerRemove                              0x0800461b   Thumb Code    38  rtx_timer.o(.text)
    TimerUnlink                              0x08004641   Thumb Code    18  rtx_timer.o(.text)
    osRtxTimerTick                           0x08004653   Thumb Code    82  rtx_timer.o(.text)
    svcRtxTimerNew                           0x080046df   Thumb Code   180  rtx_timer.o(.text)
    svcRtxTimerGetName                       0x08004793   Thumb Code    38  rtx_timer.o(.text)
    svcRtxTimerStart                         0x080047b9   Thumb Code    94  rtx_timer.o(.text)
    svcRtxTimerStop                          0x08004817   Thumb Code    72  rtx_timer.o(.text)
    svcRtxTimerIsRunning                     0x0800485f   Thumb Code    48  rtx_timer.o(.text)
    svcRtxTimerDelete                        0x0800488f   Thumb Code    90  rtx_timer.o(.text)
    IsIrqMode                                0x08004a2b   Thumb Code    12  rtx_timer.o(.text)
    IsIrqMasked                              0x08004a37   Thumb Code    20  rtx_timer.o(.text)
    .text                                    0x08004a54   Section        0  os_systick.o(.text)
    .text                                    0x08004b18   Section        0  eventrecorder.o(.text)
    EventRecordItem                          0x08004b19   Thumb Code   170  eventrecorder.o(.text)
    EventGetTS                               0x08004bc9   Thumb Code    50  eventrecorder.o(.text)
    crc16_ccitt                              0x08004bfb   Thumb Code    56  eventrecorder.o(.text)
    EventCheckFilter                         0x08005025   Thumb Code    36  eventrecorder.o(.text)
    .text                                    0x08005050   Section        0  stm32f4xx_hal.o(.text)
    .text                                    0x08005218   Section        0  stm32f4xx_hal_cortex.o(.text)
    __NVIC_SetPriority                       0x08005487   Thumb Code    32  stm32f4xx_hal_cortex.o(.text)
    .text                                    0x080054b0   Section        0  stm32f4xx_hal_gpio.o(.text)
    .text                                    0x08005804   Section        0  stm32f4xx_hal_rcc.o(.text)
    .text                                    0x08005f1c   Section       36  startup_stm32f429xx.o(.text)
    $v0                                      0x08005f1c   Number         0  startup_stm32f429xx.o(.text)
    .text                                    0x08005f40   Section        0  system_stm32f4xx.o(.text)
    .text                                    0x08006018   Section        0  uldiv.o(.text)
    .text                                    0x0800607a   Section        0  memcpya.o(.text)
    .text                                    0x0800609e   Section        0  memseta.o(.text)
    .text                                    0x080060c2   Section        0  llshl.o(.text)
    .text                                    0x080060e0   Section        0  llushr.o(.text)
    .text                                    0x08006100   Section       36  init.o(.text)
    .text                                    0x08006124   Section        0  __dczerorl.o(.text)
    i.__scatterload_copy                     0x0800615e   Section       14  handlers.o(i.__scatterload_copy)
    i.__scatterload_null                     0x0800616c   Section        2  handlers.o(i.__scatterload_null)
    i.__scatterload_zeroinit                 0x0800616e   Section       14  handlers.o(i.__scatterload_zeroinit)
    .constdata                               0x0800617c   Section       16  led_f429discovery.o(.constdata)
    LED_PIN                                  0x0800617c   Data          16  led_f429discovery.o(.constdata)
    .constdata                               0x0800618c   Section       36  rtx_lib.o(.constdata)
    os_idle_thread_attr                      0x0800618c   Data          36  rtx_lib.o(.constdata)
    .constdata                               0x080061b0   Section       36  rtx_lib.o(.constdata)
    os_timer_thread_attr                     0x080061b0   Data          36  rtx_lib.o(.constdata)
    .constdata                               0x080061d4   Section       24  rtx_lib.o(.constdata)
    os_timer_mq_attr                         0x080061d4   Data          24  rtx_lib.o(.constdata)
    .constdata                               0x080061ec   Section        4  rtx_lib.o(.constdata)
    .constdata                               0x080061f0   Section       24  eventrecorder.o(.constdata)
    __tagsym$$used                           0x080061f0   Number         0  eventrecorder.o(.constdata)
    .constdata                               0x08006208   Section       16  system_stm32f4xx.o(.constdata)
    .constdata                               0x08006218   Section        8  system_stm32f4xx.o(.constdata)
    .conststrlit                             0x08006220   Section       11  rtx_kernel.o(.conststrlit)
    .rodata                                  0x0800622c   Section      160  rtx_lib.o(.rodata)
    __tagsym$$used                           0x0800622c   Number         0  rtx_lib.o(.rodata)
    __tagsym$$used                           0x08006294   Number         0  rtx_lib.o(.rodata)
    .bss.noinit                              0x10000000   Section     1188  eventrecorder.o(.bss.noinit)
    EventBuffer                              0x10000000   Data        1024  eventrecorder.o(.bss.noinit)
    EventFilter                              0x10000400   Data         128  eventrecorder.o(.bss.noinit)
    EventStatus                              0x10000480   Data          36  eventrecorder.o(.bss.noinit)
    .bss.os                                  0x20000000   Section     4096  rtx_lib.o(.bss.os)
    os_mem                                   0x20000000   Data        4096  rtx_lib.o(.bss.os)
    .bss.os                                  0x20001000   Section       64  rtx_lib.o(.bss.os)
    os_isr_queue                             0x20001000   Data          64  rtx_lib.o(.bss.os)
    .bss.os.msgqueue.cb                      0x20001040   Section       52  rtx_lib.o(.bss.os.msgqueue.cb)
    os_timer_mq_cb                           0x20001040   Data          52  rtx_lib.o(.bss.os.msgqueue.cb)
    .bss.os.msgqueue.mem                     0x20001074   Section       80  rtx_lib.o(.bss.os.msgqueue.mem)
    os_timer_mq_data                         0x20001074   Data          80  rtx_lib.o(.bss.os.msgqueue.mem)
    .bss.os.thread.cb                        0x200010c4   Section       68  rtx_lib.o(.bss.os.thread.cb)
    os_idle_thread_cb                        0x200010c4   Data          68  rtx_lib.o(.bss.os.thread.cb)
    .bss.os.thread.cb                        0x20001108   Section       68  rtx_lib.o(.bss.os.thread.cb)
    os_timer_thread_cb                       0x20001108   Data          68  rtx_lib.o(.bss.os.thread.cb)
    .bss.os.thread.stack                     0x20001150   Section      256  rtx_lib.o(.bss.os.thread.stack)
    os_idle_thread_stack                     0x20001150   Data         256  rtx_lib.o(.bss.os.thread.stack)
    .bss.os.thread.stack                     0x20001250   Section      256  rtx_lib.o(.bss.os.thread.stack)
    os_timer_thread_stack                    0x20001250   Data         256  rtx_lib.o(.bss.os.thread.stack)
    .data                                    0x20001350   Section        4  main.o(.data)
    ticks                                    0x20001350   Data           4  main.o(.data)
    .data                                    0x20001354   Section        8  blinky.o(.data)
    tid_thrLED                               0x20001354   Data           4  blinky.o(.data)
    tid_thrBUT                               0x20001358   Data           4  blinky.o(.data)
    .data                                    0x2000135c   Section        1  os_systick.o(.data)
    PendST                                   0x2000135c   Data           1  os_systick.o(.data)
    .data                                    0x20001360   Section       12  stm32f4xx_hal.o(.data)
    .data                                    0x2000136c   Section        4  system_stm32f4xx.o(.data)
    .data.os                                 0x20001370   Section      164  rtx_kernel.o(.data.os)
    STACK                                    0x20001418   Section     1024  startup_stm32f429xx.o(STACK)

    Global Symbols

    Symbol Name                              Value     Ov Type        Size  Object(Section)

    BuildAttributes$$THM_ISAv4$E$P$D$K$B$S$7EM$VFPi3$EXTD16$VFPS$VFMA$PE$A:L22UL41UL21$X:L11$S22US41US21$IEEE1$IW$USESV6$~STKCKD$USESV7$~SHL$OSPACE$EBA8$MICROLIB$REQ8$PRES8$EABIv2 0x00000000   Number         0  anon$$obj.o ABSOLUTE
    __ARM_use_no_argv                        0x00000000   Number         0  main.o ABSOLUTE
    .bss.os.evflags.cb$$Base                  - Undefined Weak Reference
    .bss.os.evflags.cb$$Limit                 - Undefined Weak Reference
    .bss.os.mempool.cb$$Base                  - Undefined Weak Reference
    .bss.os.mempool.cb$$Limit                 - Undefined Weak Reference
    .bss.os.mutex.cb$$Base                    - Undefined Weak Reference
    .bss.os.mutex.cb$$Limit                   - Undefined Weak Reference
    .bss.os.semaphore.cb$$Base                - Undefined Weak Reference
    .bss.os.semaphore.cb$$Limit               - Undefined Weak Reference
    .bss.os.timer.cb$$Base                    - Undefined Weak Reference
    .bss.os.timer.cb$$Limit                   - Undefined Weak Reference
    __cpp_initialize__aeabi_                  - Undefined Weak Reference
    __cxa_finalize                            - Undefined Weak Reference
    _clock_init                               - Undefined Weak Reference
    _microlib_exit                            - Undefined Weak Reference
    __Vectors_Size                           0x000001ac   Number         0  startup_stm32f429xx.o ABSOLUTE
    __Vectors                                0x08000000   Data           4  startup_stm32f429xx.o(RESET)
    __Vectors_End                            0x080001ac   Data           0  startup_stm32f429xx.o(RESET)
    __main                                   0x080001ad   Thumb Code     0  entry.o(.ARM.Collect$$$$00000000)
    _main_stk                                0x080001ad   Thumb Code     0  entry2.o(.ARM.Collect$$$$00000001)
    _main_scatterload                        0x080001b1   Thumb Code     0  entry5.o(.ARM.Collect$$$$00000004)
    __main_after_scatterload                 0x080001b5   Thumb Code     0  entry5.o(.ARM.Collect$$$$00000004)
    _main_clock                              0x080001b5   Thumb Code     0  entry7b.o(.ARM.Collect$$$$00000008)
    _main_cpp_init                           0x080001b5   Thumb Code     0  entry8b.o(.ARM.Collect$$$$0000000A)
    _main_init                               0x080001b5   Thumb Code     0  entry9a.o(.ARM.Collect$$$$0000000B)
    __rt_final_cpp                           0x080001bd   Thumb Code     0  entry10a.o(.ARM.Collect$$$$0000000D)
    __rt_final_exit                          0x080001bd   Thumb Code     0  entry11a.o(.ARM.Collect$$$$0000000F)
    __asm___13_rtx_mempool_c_7914b4c7__atomic_wr8 0x080001c1   Thumb Code    16  rtx_mempool.o(.emb_text)
    __asm___13_rtx_mempool_c_7914b4c7__atomic_set32 0x080001d1   Thumb Code    20  rtx_mempool.o(.emb_text)
    __asm___13_rtx_mempool_c_7914b4c7__atomic_clr32 0x080001e5   Thumb Code    22  rtx_mempool.o(.emb_text)
    __asm___13_rtx_mempool_c_7914b4c7__atomic_chk32_all 0x080001fb   Thumb Code    38  rtx_mempool.o(.emb_text)
    __asm___13_rtx_mempool_c_7914b4c7__atomic_chk32_any 0x08000221   Thumb Code    34  rtx_mempool.o(.emb_text)
    __asm___13_rtx_mempool_c_7914b4c7__atomic_inc32 0x08000243   Thumb Code    18  rtx_mempool.o(.emb_text)
    __asm___13_rtx_mempool_c_7914b4c7__atomic_inc16_lt 0x08000255   Thumb Code    30  rtx_mempool.o(.emb_text)
    __asm___13_rtx_mempool_c_7914b4c7__atomic_inc16_lim 0x08000273   Thumb Code    26  rtx_mempool.o(.emb_text)
    __asm___13_rtx_mempool_c_7914b4c7__atomic_dec32 0x0800028d   Thumb Code    18  rtx_mempool.o(.emb_text)
    __asm___13_rtx_mempool_c_7914b4c7__atomic_dec32_nz 0x0800029f   Thumb Code    26  rtx_mempool.o(.emb_text)
    __asm___13_rtx_mempool_c_7914b4c7__atomic_dec16_nz 0x080002b9   Thumb Code    26  rtx_mempool.o(.emb_text)
    __asm___13_rtx_mempool_c_7914b4c7__atomic_link_get 0x080002d3   Thumb Code    26  rtx_mempool.o(.emb_text)
    __asm___13_rtx_mempool_c_7914b4c7__atomic_link_put 0x080002ed   Thumb Code    28  rtx_mempool.o(.emb_text)
    __asm___14_rtx_msgqueue_c_ba128ae8__atomic_wr8 0x08000309   Thumb Code    16  rtx_msgqueue.o(.emb_text)
    __asm___14_rtx_msgqueue_c_ba128ae8__atomic_set32 0x08000319   Thumb Code    20  rtx_msgqueue.o(.emb_text)
    __asm___14_rtx_msgqueue_c_ba128ae8__atomic_clr32 0x0800032d   Thumb Code    22  rtx_msgqueue.o(.emb_text)
    __asm___14_rtx_msgqueue_c_ba128ae8__atomic_chk32_all 0x08000343   Thumb Code    38  rtx_msgqueue.o(.emb_text)
    __asm___14_rtx_msgqueue_c_ba128ae8__atomic_chk32_any 0x08000369   Thumb Code    34  rtx_msgqueue.o(.emb_text)
    __asm___14_rtx_msgqueue_c_ba128ae8__atomic_inc32 0x0800038b   Thumb Code    18  rtx_msgqueue.o(.emb_text)
    __asm___14_rtx_msgqueue_c_ba128ae8__atomic_inc16_lt 0x0800039d   Thumb Code    30  rtx_msgqueue.o(.emb_text)
    __asm___14_rtx_msgqueue_c_ba128ae8__atomic_inc16_lim 0x080003bb   Thumb Code    26  rtx_msgqueue.o(.emb_text)
    __asm___14_rtx_msgqueue_c_ba128ae8__atomic_dec32 0x080003d5   Thumb Code    18  rtx_msgqueue.o(.emb_text)
    __asm___14_rtx_msgqueue_c_ba128ae8__atomic_dec32_nz 0x080003e7   Thumb Code    26  rtx_msgqueue.o(.emb_text)
    __asm___14_rtx_msgqueue_c_ba128ae8__atomic_dec16_nz 0x08000401   Thumb Code    26  rtx_msgqueue.o(.emb_text)
    __asm___14_rtx_msgqueue_c_ba128ae8__atomic_link_get 0x0800041b   Thumb Code    26  rtx_msgqueue.o(.emb_text)
    __asm___14_rtx_msgqueue_c_ba128ae8__atomic_link_put 0x08000435   Thumb Code    28  rtx_msgqueue.o(.emb_text)
    __asm___12_rtx_system_c_024f2f18__atomic_wr8 0x08000451   Thumb Code    16  rtx_system.o(.emb_text)
    __asm___12_rtx_system_c_024f2f18__atomic_set32 0x08000461   Thumb Code    20  rtx_system.o(.emb_text)
    __asm___12_rtx_system_c_024f2f18__atomic_clr32 0x08000475   Thumb Code    22  rtx_system.o(.emb_text)
    __asm___12_rtx_system_c_024f2f18__atomic_chk32_all 0x0800048b   Thumb Code    38  rtx_system.o(.emb_text)
    __asm___12_rtx_system_c_024f2f18__atomic_chk32_any 0x080004b1   Thumb Code    34  rtx_system.o(.emb_text)
    __asm___12_rtx_system_c_024f2f18__atomic_inc32 0x080004d3   Thumb Code    18  rtx_system.o(.emb_text)
    __asm___12_rtx_system_c_024f2f18__atomic_inc16_lt 0x080004e5   Thumb Code    30  rtx_system.o(.emb_text)
    __asm___12_rtx_system_c_024f2f18__atomic_inc16_lim 0x08000503   Thumb Code    26  rtx_system.o(.emb_text)
    __asm___12_rtx_system_c_024f2f18__atomic_dec32 0x0800051d   Thumb Code    18  rtx_system.o(.emb_text)
    __asm___12_rtx_system_c_024f2f18__atomic_dec32_nz 0x0800052f   Thumb Code    26  rtx_system.o(.emb_text)
    __asm___12_rtx_system_c_024f2f18__atomic_dec16_nz 0x08000549   Thumb Code    26  rtx_system.o(.emb_text)
    __asm___12_rtx_system_c_024f2f18__atomic_link_get 0x08000563   Thumb Code    26  rtx_system.o(.emb_text)
    __asm___12_rtx_system_c_024f2f18__atomic_link_put 0x0800057d   Thumb Code    28  rtx_system.o(.emb_text)
    __asm___12_rtx_thread_c_add96be5__atomic_wr8 0x08000599   Thumb Code    16  rtx_thread.o(.emb_text)
    __asm___12_rtx_thread_c_add96be5__atomic_set32 0x080005a9   Thumb Code    20  rtx_thread.o(.emb_text)
    __asm___12_rtx_thread_c_add96be5__atomic_clr32 0x080005bd   Thumb Code    22  rtx_thread.o(.emb_text)
    __asm___12_rtx_thread_c_add96be5__atomic_chk32_all 0x080005d3   Thumb Code    38  rtx_thread.o(.emb_text)
    __asm___12_rtx_thread_c_add96be5__atomic_chk32_any 0x080005f9   Thumb Code    34  rtx_thread.o(.emb_text)
    __asm___12_rtx_thread_c_add96be5__atomic_inc32 0x0800061b   Thumb Code    18  rtx_thread.o(.emb_text)
    __asm___12_rtx_thread_c_add96be5__atomic_inc16_lt 0x0800062d   Thumb Code    30  rtx_thread.o(.emb_text)
    __asm___12_rtx_thread_c_add96be5__atomic_inc16_lim 0x0800064b   Thumb Code    26  rtx_thread.o(.emb_text)
    __asm___12_rtx_thread_c_add96be5__atomic_dec32 0x08000665   Thumb Code    18  rtx_thread.o(.emb_text)
    __asm___12_rtx_thread_c_add96be5__atomic_dec32_nz 0x08000677   Thumb Code    26  rtx_thread.o(.emb_text)
    __asm___12_rtx_thread_c_add96be5__atomic_dec16_nz 0x08000691   Thumb Code    26  rtx_thread.o(.emb_text)
    __asm___12_rtx_thread_c_add96be5__atomic_link_get 0x080006ab   Thumb Code    26  rtx_thread.o(.emb_text)
    __asm___12_rtx_thread_c_add96be5__atomic_link_put 0x080006c5   Thumb Code    28  rtx_thread.o(.emb_text)
    __asm___15_EventRecorder_c_e8d3082c__atomic_inc8 0x080006e1   Thumb Code    18  eventrecorder.o(.emb_text)
    __asm___15_EventRecorder_c_e8d3082c__atomic_inc32 0x080006f3   Thumb Code    18  eventrecorder.o(.emb_text)
    __asm___15_EventRecorder_c_e8d3082c__atomic_xch32 0x08000705   Thumb Code    16  eventrecorder.o(.emb_text)
    __asm___15_EventRecorder_c_e8d3082c__LockRecord 0x08000715   Thumb Code    34  eventrecorder.o(.emb_text)
    __asm___15_EventRecorder_c_e8d3082c__UnlockRecord 0x08000737   Thumb Code    30  eventrecorder.o(.emb_text)
    HAL_GetTick                              0x08000755   Thumb Code    66  main.o(.text)
    main                                     0x0800082b   Thumb Code    32  main.o(.text)
    thrLED                                   0x08000865   Thumb Code    62  blinky.o(.text)
    app_main                                 0x080008c7   Thumb Code    40  blinky.o(.text)
    Buttons_Initialize                       0x080008f9   Thumb Code    46  buttons_f429discovery.o(.text)
    Buttons_Uninitialize                     0x08000927   Thumb Code    14  buttons_f429discovery.o(.text)
    Buttons_GetState                         0x08000935   Thumb Code    22  buttons_f429discovery.o(.text)
    Buttons_GetCount                         0x0800094b   Thumb Code     4  buttons_f429discovery.o(.text)
    LED_Initialize                           0x08000959   Thumb Code    54  led_f429discovery.o(.text)
    LED_Uninitialize                         0x0800098f   Thumb Code    16  led_f429discovery.o(.text)
    LED_On                                   0x0800099f   Thumb Code    36  led_f429discovery.o(.text)
    LED_Off                                  0x080009c3   Thumb Code    36  led_f429discovery.o(.text)
    LED_SetOut                               0x080009e7   Thumb Code    40  led_f429discovery.o(.text)
    LED_GetCount                             0x08000a0f   Thumb Code     4  led_f429discovery.o(.text)
    osRtxIdleThread                          0x08000a21   Thumb Code     2  rtx_config.o(.text)
    osRtxErrorNotify                         0x08000a23   Thumb Code     2  rtx_config.o(.text)
    SVC_Handler                              0x08000a25   Thumb Code   152  irq_cm4f.o(.text)
    PendSV_Handler                           0x08000abd   Thumb Code    16  irq_cm4f.o(.text)
    SysTick_Handler                          0x08000acd   Thumb Code    16  irq_cm4f.o(.text)
    osDelay                                  0x08000b4b   Thumb Code    46  rtx_delay.o(.text)
    osDelayUntil                             0x08000b79   Thumb Code    46  rtx_delay.o(.text)
    EvrRtxMemoryInit                         0x08000bd5   Thumb Code    24  rtx_evr.o(.text)
    EvrRtxMemoryAlloc                        0x08000bed   Thumb Code    18  rtx_evr.o(.text)
    EvrRtxMemoryFree                         0x08000bff   Thumb Code    24  rtx_evr.o(.text)
    EvrRtxMemoryBlockInit                    0x08000c17   Thumb Code    20  rtx_evr.o(.text)
    EvrRtxMemoryBlockAlloc                   0x08000c2b   Thumb Code    12  rtx_evr.o(.text)
    EvrRtxMemoryBlockFree                    0x08000c37   Thumb Code    24  rtx_evr.o(.text)
    EvrRtxKernelError                        0x08000c4f   Thumb Code    12  rtx_evr.o(.text)
    EvrRtxKernelInitialize                   0x08000c5b   Thumb Code    10  rtx_evr.o(.text)
    EvrRtxKernelInitialized                  0x08000c65   Thumb Code    10  rtx_evr.o(.text)
    EvrRtxKernelGetInfo                      0x08000c6f   Thumb Code    24  rtx_evr.o(.text)
    EvrRtxKernelInfoRetrieved                0x08000c87   Thumb Code    40  rtx_evr.o(.text)
    EvrRtxKernelStart                        0x08000caf   Thumb Code    12  rtx_evr.o(.text)
    EvrRtxKernelStarted                      0x08000cbb   Thumb Code    12  rtx_evr.o(.text)
    EvrRtxKernelLock                         0x08000cc7   Thumb Code    12  rtx_evr.o(.text)
    EvrRtxKernelLocked                       0x08000cd3   Thumb Code    12  rtx_evr.o(.text)
    EvrRtxKernelUnlock                       0x08000cdf   Thumb Code    12  rtx_evr.o(.text)
    EvrRtxKernelUnlocked                     0x08000ceb   Thumb Code    12  rtx_evr.o(.text)
    EvrRtxKernelRestoreLock                  0x08000cf7   Thumb Code    12  rtx_evr.o(.text)
    EvrRtxKernelLockRestored                 0x08000d03   Thumb Code    12  rtx_evr.o(.text)
    EvrRtxKernelSuspend                      0x08000d0f   Thumb Code    12  rtx_evr.o(.text)
    EvrRtxKernelSuspended                    0x08000d1b   Thumb Code    12  rtx_evr.o(.text)
    EvrRtxKernelResume                       0x08000d27   Thumb Code    12  rtx_evr.o(.text)
    EvrRtxKernelResumed                      0x08000d33   Thumb Code    12  rtx_evr.o(.text)
    EvrRtxKernelGetTickCount                 0x08000d3f   Thumb Code    12  rtx_evr.o(.text)
    EvrRtxKernelGetTickFreq                  0x08000d4b   Thumb Code    12  rtx_evr.o(.text)
    EvrRtxKernelGetSysTimerCount             0x08000d57   Thumb Code    12  rtx_evr.o(.text)
    EvrRtxKernelGetSysTimerFreq              0x08000d63   Thumb Code    12  rtx_evr.o(.text)
    EvrRtxThreadError                        0x08000d6f   Thumb Code    12  rtx_evr.o(.text)
    EvrRtxThreadNew                          0x08000d7b   Thumb Code    22  rtx_evr.o(.text)
    EvrRtxThreadCreated                      0x08000d91   Thumb Code    24  rtx_evr.o(.text)
    EvrRtxThreadGetName                      0x08000da9   Thumb Code    12  rtx_evr.o(.text)
    EvrRtxThreadGetId                        0x08000db5   Thumb Code    12  rtx_evr.o(.text)
    EvrRtxThreadGetState                     0x08000dc1   Thumb Code    12  rtx_evr.o(.text)
    EvrRtxThreadGetStackSize                 0x08000dcd   Thumb Code    12  rtx_evr.o(.text)
    EvrRtxThreadGetStackSpace                0x08000dd9   Thumb Code    12  rtx_evr.o(.text)
    EvrRtxThreadSetPriority                  0x08000de5   Thumb Code    12  rtx_evr.o(.text)
    EvrRtxThreadPriorityUpdated              0x08000df1   Thumb Code    12  rtx_evr.o(.text)
    EvrRtxThreadGetPriority                  0x08000dfd   Thumb Code    12  rtx_evr.o(.text)
    EvrRtxThreadYield                        0x08000e09   Thumb Code    12  rtx_evr.o(.text)
    EvrRtxThreadSuspend                      0x08000e15   Thumb Code    12  rtx_evr.o(.text)
    EvrRtxThreadSuspended                    0x08000e21   Thumb Code    12  rtx_evr.o(.text)
    EvrRtxThreadResume                       0x08000e2d   Thumb Code    12  rtx_evr.o(.text)
    EvrRtxThreadResumed                      0x08000e39   Thumb Code    12  rtx_evr.o(.text)
    EvrRtxThreadDetach                       0x08000e45   Thumb Code    12  rtx_evr.o(.text)
    EvrRtxThreadDetached                     0x08000e51   Thumb Code    12  rtx_evr.o(.text)
    EvrRtxThreadJoin                         0x08000e5d   Thumb Code    12  rtx_evr.o(.text)
    EvrRtxThreadJoinPending                  0x08000e69   Thumb Code    12  rtx_evr.o(.text)
    EvrRtxThreadJoined                       0x08000e75   Thumb Code    12  rtx_evr.o(.text)
    EvrRtxThreadBlocked                      0x08000e81   Thumb Code    10  rtx_evr.o(.text)
    EvrRtxThreadUnblocked                    0x08000e8b   Thumb Code    12  rtx_evr.o(.text)
    EvrRtxThreadPreempted                    0x08000e97   Thumb Code    12  rtx_evr.o(.text)
    EvrRtxThreadSwitched                     0x08000ea3   Thumb Code    12  rtx_evr.o(.text)
    EvrRtxThreadExit                         0x08000eaf   Thumb Code    12  rtx_evr.o(.text)
    EvrRtxThreadTerminate                    0x08000ebb   Thumb Code    12  rtx_evr.o(.text)
    EvrRtxThreadDestroyed                    0x08000ec7   Thumb Code    12  rtx_evr.o(.text)
    EvrRtxThreadGetCount                     0x08000ed3   Thumb Code    12  rtx_evr.o(.text)
    EvrRtxThreadEnumerate                    0x08000edf   Thumb Code    24  rtx_evr.o(.text)
    EvrRtxThreadFlagsError                   0x08000ef7   Thumb Code    12  rtx_evr.o(.text)
    EvrRtxThreadFlagsSet                     0x08000f03   Thumb Code    10  rtx_evr.o(.text)
    EvrRtxThreadFlagsSetDone                 0x08000f0d   Thumb Code    10  rtx_evr.o(.text)
    EvrRtxThreadFlagsClear                   0x08000f17   Thumb Code    12  rtx_evr.o(.text)
    EvrRtxThreadFlagsClearDone               0x08000f23   Thumb Code    12  rtx_evr.o(.text)
    EvrRtxThreadFlagsGet                     0x08000f2f   Thumb Code    12  rtx_evr.o(.text)
    EvrRtxThreadFlagsWait                    0x08000f3b   Thumb Code    24  rtx_evr.o(.text)
    EvrRtxThreadFlagsWaitPending             0x08000f53   Thumb Code    24  rtx_evr.o(.text)
    EvrRtxThreadFlagsWaitTimeout             0x08000f6b   Thumb Code    12  rtx_evr.o(.text)
    EvrRtxThreadFlagsWaitCompleted           0x08000f77   Thumb Code    20  rtx_evr.o(.text)
    EvrRtxThreadFlagsWaitNotCompleted        0x08000f8b   Thumb Code    12  rtx_evr.o(.text)
    EvrRtxDelayError                         0x08000f97   Thumb Code    12  rtx_evr.o(.text)
    EvrRtxDelay                              0x08000fa3   Thumb Code    10  rtx_evr.o(.text)
    EvrRtxDelayUntil                         0x08000fad   Thumb Code    12  rtx_evr.o(.text)
    EvrRtxDelayStarted                       0x08000fb9   Thumb Code    12  rtx_evr.o(.text)
    EvrRtxDelayUntilStarted                  0x08000fc5   Thumb Code    52  rtx_evr.o(.text)
    EvrRtxDelayCompleted                     0x08000ff9   Thumb Code    10  rtx_evr.o(.text)
    EvrRtxTimerError                         0x08001003   Thumb Code    12  rtx_evr.o(.text)
    EvrRtxTimerCallback                      0x0800100f   Thumb Code    10  rtx_evr.o(.text)
    EvrRtxTimerNew                           0x08001019   Thumb Code    18  rtx_evr.o(.text)
    EvrRtxTimerCreated                       0x0800102b   Thumb Code    12  rtx_evr.o(.text)
    EvrRtxTimerGetName                       0x08001037   Thumb Code    12  rtx_evr.o(.text)
    EvrRtxTimerStart                         0x08001043   Thumb Code    12  rtx_evr.o(.text)
    EvrRtxTimerStarted                       0x0800104f   Thumb Code    12  rtx_evr.o(.text)
    EvrRtxTimerStop                          0x0800105b   Thumb Code    12  rtx_evr.o(.text)
    EvrRtxTimerStopped                       0x08001067   Thumb Code    12  rtx_evr.o(.text)
    EvrRtxTimerIsRunning                     0x08001073   Thumb Code    12  rtx_evr.o(.text)
    EvrRtxTimerDelete                        0x0800107f   Thumb Code    12  rtx_evr.o(.text)
    EvrRtxTimerDestroyed                     0x0800108b   Thumb Code    12  rtx_evr.o(.text)
    EvrRtxEventFlagsError                    0x08001097   Thumb Code    12  rtx_evr.o(.text)
    EvrRtxEventFlagsNew                      0x080010a3   Thumb Code    10  rtx_evr.o(.text)
    EvrRtxEventFlagsCreated                  0x080010ad   Thumb Code    12  rtx_evr.o(.text)
    EvrRtxEventFlagsGetName                  0x080010b9   Thumb Code    12  rtx_evr.o(.text)
    EvrRtxEventFlagsSet                      0x080010c5   Thumb Code    12  rtx_evr.o(.text)
    EvrRtxEventFlagsSetDone                  0x080010d1   Thumb Code    12  rtx_evr.o(.text)
    EvrRtxEventFlagsClear                    0x080010dd   Thumb Code    12  rtx_evr.o(.text)
    EvrRtxEventFlagsClearDone                0x080010e9   Thumb Code    12  rtx_evr.o(.text)
    EvrRtxEventFlagsGet                      0x080010f5   Thumb Code    12  rtx_evr.o(.text)
    EvrRtxEventFlagsWait                     0x08001101   Thumb Code    20  rtx_evr.o(.text)
    EvrRtxEventFlagsWaitPending              0x08001115   Thumb Code    20  rtx_evr.o(.text)
    EvrRtxEventFlagsWaitTimeout              0x08001129   Thumb Code    12  rtx_evr.o(.text)
    EvrRtxEventFlagsWaitCompleted            0x08001135   Thumb Code    20  rtx_evr.o(.text)
    EvrRtxEventFlagsWaitNotCompleted         0x08001149   Thumb Code    24  rtx_evr.o(.text)
    EvrRtxEventFlagsDelete                   0x08001161   Thumb Code    12  rtx_evr.o(.text)
    EvrRtxEventFlagsDestroyed                0x0800116d   Thumb Code    12  rtx_evr.o(.text)
    EvrRtxMutexError                         0x08001179   Thumb Code    12  rtx_evr.o(.text)
    EvrRtxMutexNew                           0x08001185   Thumb Code    12  rtx_evr.o(.text)
    EvrRtxMutexCreated                       0x08001191   Thumb Code    10  rtx_evr.o(.text)
    EvrRtxMutexGetName                       0x0800119b   Thumb Code    10  rtx_evr.o(.text)
    EvrRtxMutexAcquire                       0x080011a5   Thumb Code    12  rtx_evr.o(.text)
    EvrRtxMutexAcquirePending                0x080011b1   Thumb Code    12  rtx_evr.o(.text)
    EvrRtxMutexAcquireTimeout                0x080011bd   Thumb Code    12  rtx_evr.o(.text)
    EvrRtxMutexAcquired                      0x080011c9   Thumb Code    12  rtx_evr.o(.text)
    EvrRtxMutexNotAcquired                   0x080011d5   Thumb Code    12  rtx_evr.o(.text)
    EvrRtxMutexRelease                       0x080011e1   Thumb Code    12  rtx_evr.o(.text)
    EvrRtxMutexReleased                      0x080011ed   Thumb Code    12  rtx_evr.o(.text)
    EvrRtxMutexGetOwner                      0x080011f9   Thumb Code    12  rtx_evr.o(.text)
    EvrRtxMutexDelete                        0x08001205   Thumb Code    12  rtx_evr.o(.text)
    EvrRtxMutexDestroyed                     0x08001211   Thumb Code    12  rtx_evr.o(.text)
    EvrRtxSemaphoreError                     0x0800121d   Thumb Code    12  rtx_evr.o(.text)
    EvrRtxSemaphoreNew                       0x08001229   Thumb Code    24  rtx_evr.o(.text)
    EvrRtxSemaphoreCreated                   0x08001241   Thumb Code    10  rtx_evr.o(.text)
    EvrRtxSemaphoreGetName                   0x0800124b   Thumb Code    10  rtx_evr.o(.text)
    EvrRtxSemaphoreAcquire                   0x08001255   Thumb Code    12  rtx_evr.o(.text)
    EvrRtxSemaphoreAcquirePending            0x08001261   Thumb Code    12  rtx_evr.o(.text)
    EvrRtxSemaphoreAcquireTimeout            0x0800126d   Thumb Code    12  rtx_evr.o(.text)
    EvrRtxSemaphoreAcquired                  0x08001279   Thumb Code    12  rtx_evr.o(.text)
    EvrRtxSemaphoreNotAcquired               0x08001285   Thumb Code    12  rtx_evr.o(.text)
    EvrRtxSemaphoreRelease                   0x08001291   Thumb Code    12  rtx_evr.o(.text)
    EvrRtxSemaphoreReleased                  0x0800129d   Thumb Code    12  rtx_evr.o(.text)
    EvrRtxSemaphoreGetCount                  0x080012a9   Thumb Code    12  rtx_evr.o(.text)
    EvrRtxSemaphoreDelete                    0x080012b5   Thumb Code    12  rtx_evr.o(.text)
    EvrRtxSemaphoreDestroyed                 0x080012c1   Thumb Code    12  rtx_evr.o(.text)
    EvrRtxMemoryPoolError                    0x080012cd   Thumb Code    12  rtx_evr.o(.text)
    EvrRtxMemoryPoolNew                      0x080012d9   Thumb Code    24  rtx_evr.o(.text)
    EvrRtxMemoryPoolCreated                  0x080012f1   Thumb Code    10  rtx_evr.o(.text)
    EvrRtxMemoryPoolGetName                  0x080012fb   Thumb Code    10  rtx_evr.o(.text)
    EvrRtxMemoryPoolAlloc                    0x08001305   Thumb Code    12  rtx_evr.o(.text)
    EvrRtxMemoryPoolAllocPending             0x08001311   Thumb Code    12  rtx_evr.o(.text)
    EvrRtxMemoryPoolAllocTimeout             0x0800131d   Thumb Code    12  rtx_evr.o(.text)
    EvrRtxMemoryPoolAllocated                0x08001329   Thumb Code    12  rtx_evr.o(.text)
    EvrRtxMemoryPoolAllocFailed              0x08001335   Thumb Code    12  rtx_evr.o(.text)
    EvrRtxMemoryPoolFree                     0x08001341   Thumb Code    12  rtx_evr.o(.text)
    EvrRtxMemoryPoolDeallocated              0x0800134d   Thumb Code    12  rtx_evr.o(.text)
    EvrRtxMemoryPoolFreeFailed               0x08001359   Thumb Code    12  rtx_evr.o(.text)
    EvrRtxMemoryPoolGetCapacity              0x08001365   Thumb Code    12  rtx_evr.o(.text)
    EvrRtxMemoryPoolGetBlockSize             0x08001371   Thumb Code    12  rtx_evr.o(.text)
    EvrRtxMemoryPoolGetCount                 0x0800137d   Thumb Code    12  rtx_evr.o(.text)
    EvrRtxMemoryPoolGetSpace                 0x08001389   Thumb Code    12  rtx_evr.o(.text)
    EvrRtxMemoryPoolDelete                   0x08001395   Thumb Code    12  rtx_evr.o(.text)
    EvrRtxMemoryPoolDestroyed                0x080013a1   Thumb Code    12  rtx_evr.o(.text)
    EvrRtxMessageQueueError                  0x080013ad   Thumb Code    12  rtx_evr.o(.text)
    EvrRtxMessageQueueNew                    0x080013b9   Thumb Code    24  rtx_evr.o(.text)
    EvrRtxMessageQueueCreated                0x080013d1   Thumb Code    56  rtx_evr.o(.text)
    EvrRtxMessageQueueGetName                0x08001409   Thumb Code    10  rtx_evr.o(.text)
    EvrRtxMessageQueuePut                    0x08001413   Thumb Code    20  rtx_evr.o(.text)
    EvrRtxMessageQueuePutPending             0x08001427   Thumb Code    22  rtx_evr.o(.text)
    EvrRtxMessageQueuePutTimeout             0x0800143d   Thumb Code    12  rtx_evr.o(.text)
    EvrRtxMessageQueueInsertPending          0x08001449   Thumb Code    12  rtx_evr.o(.text)
    EvrRtxMessageQueueInserted               0x08001455   Thumb Code    12  rtx_evr.o(.text)
    EvrRtxMessageQueueNotInserted            0x08001461   Thumb Code    12  rtx_evr.o(.text)
    EvrRtxMessageQueueGet                    0x0800146d   Thumb Code    20  rtx_evr.o(.text)
    EvrRtxMessageQueueGetPending             0x08001481   Thumb Code    24  rtx_evr.o(.text)
    EvrRtxMessageQueueGetTimeout             0x08001499   Thumb Code    12  rtx_evr.o(.text)
    EvrRtxMessageQueueRetrieved              0x080014a5   Thumb Code    12  rtx_evr.o(.text)
    EvrRtxMessageQueueNotRetrieved           0x080014b1   Thumb Code    12  rtx_evr.o(.text)
    EvrRtxMessageQueueGetCapacity            0x080014bd   Thumb Code    12  rtx_evr.o(.text)
    EvrRtxMessageQueueGetMsgSize             0x080014c9   Thumb Code    12  rtx_evr.o(.text)
    EvrRtxMessageQueueGetCount               0x080014d5   Thumb Code    12  rtx_evr.o(.text)
    EvrRtxMessageQueueGetSpace               0x080014e1   Thumb Code    12  rtx_evr.o(.text)
    EvrRtxMessageQueueReset                  0x080014ed   Thumb Code    12  rtx_evr.o(.text)
    EvrRtxMessageQueueResetDone              0x080014f9   Thumb Code    12  rtx_evr.o(.text)
    EvrRtxMessageQueueDelete                 0x08001505   Thumb Code    12  rtx_evr.o(.text)
    EvrRtxMessageQueueDestroyed              0x08001511   Thumb Code    12  rtx_evr.o(.text)
    osKernelInitialize                       0x0800197f   Thumb Code    44  rtx_kernel.o(.text)
    osKernelGetInfo                          0x080019ab   Thumb Code    68  rtx_kernel.o(.text)
    osKernelGetState                         0x080019ef   Thumb Code    40  rtx_kernel.o(.text)
    osKernelStart                            0x08001a17   Thumb Code    40  rtx_kernel.o(.text)
    osKernelLock                             0x08001a3f   Thumb Code    40  rtx_kernel.o(.text)
    osKernelUnlock                           0x08001a67   Thumb Code    40  rtx_kernel.o(.text)
    osKernelRestoreLock                      0x08001a8f   Thumb Code    46  rtx_kernel.o(.text)
    osKernelSuspend                          0x08001abd   Thumb Code    38  rtx_kernel.o(.text)
    osKernelResume                           0x08001ae3   Thumb Code    44  rtx_kernel.o(.text)
    osKernelGetTickCount                     0x08001b0f   Thumb Code    28  rtx_kernel.o(.text)
    osKernelGetTickFreq                      0x08001b2b   Thumb Code    28  rtx_kernel.o(.text)
    osKernelGetSysTimerCount                 0x08001b47   Thumb Code    28  rtx_kernel.o(.text)
    osKernelGetSysTimerFreq                  0x08001b63   Thumb Code    28  rtx_kernel.o(.text)
    osRtxKernelPreInit                       0x08001bdd   Thumb Code    20  rtx_lib.o(.text)
    osRtxMemoryInit                          0x08001c6d   Thumb Code    64  rtx_memory.o(.text)
    osRtxMemoryAlloc                         0x08001cad   Thumb Code   144  rtx_memory.o(.text)
    osRtxMemoryFree                          0x08001d3d   Thumb Code    84  rtx_memory.o(.text)
    osRtxMemoryPoolInit                      0x08001d91   Thumb Code    72  rtx_mempool.o(.text)
    osRtxMemoryPoolAlloc                     0x08001dd9   Thumb Code    50  rtx_mempool.o(.text)
    osRtxMemoryPoolFree                      0x08001e0b   Thumb Code    70  rtx_mempool.o(.text)
    osMemoryPoolNew                          0x080021eb   Thumb Code    58  rtx_mempool.o(.text)
    osMemoryPoolGetName                      0x08002225   Thumb Code    38  rtx_mempool.o(.text)
    osMemoryPoolAlloc                        0x0800224b   Thumb Code    94  rtx_mempool.o(.text)
    osMemoryPoolFree                         0x080022a9   Thumb Code   104  rtx_mempool.o(.text)
    osMemoryPoolGetCapacity                  0x08002311   Thumb Code    34  rtx_mempool.o(.text)
    osMemoryPoolGetBlockSize                 0x08002333   Thumb Code    34  rtx_mempool.o(.text)
    osMemoryPoolGetCount                     0x08002355   Thumb Code    72  rtx_mempool.o(.text)
    osMemoryPoolGetSpace                     0x0800239d   Thumb Code    34  rtx_mempool.o(.text)
    osMemoryPoolDelete                       0x080023bf   Thumb Code    48  rtx_mempool.o(.text)
    osMessageQueueNew                        0x08002b05   Thumb Code    58  rtx_msgqueue.o(.text)
    osMessageQueueGetName                    0x08002b3f   Thumb Code    38  rtx_msgqueue.o(.text)
    osMessageQueuePut                        0x08002b65   Thumb Code   156  rtx_msgqueue.o(.text)
    osMessageQueueGet                        0x08002c01   Thumb Code   142  rtx_msgqueue.o(.text)
    osMessageQueueGetCapacity                0x08002c8f   Thumb Code    34  rtx_msgqueue.o(.text)
    osMessageQueueGetMsgSize                 0x08002cb1   Thumb Code    34  rtx_msgqueue.o(.text)
    osMessageQueueGetCount                   0x08002cd3   Thumb Code    34  rtx_msgqueue.o(.text)
    osMessageQueueGetSpace                   0x08002cf5   Thumb Code    34  rtx_msgqueue.o(.text)
    osMessageQueueReset                      0x08002d17   Thumb Code    48  rtx_msgqueue.o(.text)
    osMessageQueueDelete                     0x08002d47   Thumb Code    48  rtx_msgqueue.o(.text)
    osRtxMutexOwnerRelease                   0x08002dc5   Thumb Code    88  rtx_mutex.o(.text)
    osMutexNew                               0x08003189   Thumb Code    46  rtx_mutex.o(.text)
    osMutexGetName                           0x080031b7   Thumb Code    38  rtx_mutex.o(.text)
    osMutexAcquire                           0x080031dd   Thumb Code    54  rtx_mutex.o(.text)
    osMutexRelease                           0x08003213   Thumb Code    48  rtx_mutex.o(.text)
    osMutexGetOwner                          0x08003243   Thumb Code    60  rtx_mutex.o(.text)
    osMutexDelete                            0x0800327f   Thumb Code    48  rtx_mutex.o(.text)
    osRtxTick_Handler                        0x08003331   Thumb Code   120  rtx_system.o(.text)
    osRtxPendSV_Handler                      0x080033a9   Thumb Code    74  rtx_system.o(.text)
    osRtxPostProcess                         0x080033f3   Thumb Code    46  rtx_system.o(.text)
    osRtxThreadListPut                       0x08003463   Thumb Code    38  rtx_thread.o(.text)
    osRtxThreadListGet                       0x08003489   Thumb Code    22  rtx_thread.o(.text)
    osRtxThreadListRemove                    0x080034ab   Thumb Code    24  rtx_thread.o(.text)
    osRtxThreadListSort                      0x080034c3   Thumb Code    42  rtx_thread.o(.text)
    osRtxThreadReadyPut                      0x0800350b   Thumb Code    10  rtx_thread.o(.text)
    osRtxThreadRegPtr                        0x080035bd   Thumb Code    20  rtx_thread.o(.text)
    osRtxThreadDelayTick                     0x080035d1   Thumb Code   194  rtx_thread.o(.text)
    osRtxThreadStackCheck                    0x080036c1   Thumb Code    34  rtx_thread.o(.text)
    osRtxThreadSwitch                        0x080036e3   Thumb Code    28  rtx_thread.o(.text)
    osRtxThreadDispatch                      0x080036ff   Thumb Code   100  rtx_thread.o(.text)
    osRtxThreadWaitExit                      0x08003763   Thumb Code    48  rtx_thread.o(.text)
    osRtxThreadWaitEnter                     0x08003793   Thumb Code    62  rtx_thread.o(.text)
    osThreadExit                             0x080038cd   Thumb Code    22  rtx_thread.o(.text)
    osRtxThreadStartup                       0x08004185   Thumb Code    46  rtx_thread.o(.text)
    osThreadNew                              0x080041b3   Thumb Code    76  rtx_thread.o(.text)
    osThreadGetName                          0x080041ff   Thumb Code    38  rtx_thread.o(.text)
    osThreadGetId                            0x08004225   Thumb Code    28  rtx_thread.o(.text)
    osThreadGetState                         0x08004241   Thumb Code    42  rtx_thread.o(.text)
    osThreadGetStackSize                     0x0800426b   Thumb Code    38  rtx_thread.o(.text)
    osThreadGetStackSpace                    0x08004291   Thumb Code    38  rtx_thread.o(.text)
    osThreadSetPriority                      0x080042b7   Thumb Code    54  rtx_thread.o(.text)
    osThreadGetPriority                      0x080042ed   Thumb Code    42  rtx_thread.o(.text)
    osThreadYield                            0x08004317   Thumb Code    42  rtx_thread.o(.text)
    osThreadSuspend                          0x08004341   Thumb Code    48  rtx_thread.o(.text)
    osThreadResume                           0x08004371   Thumb Code    48  rtx_thread.o(.text)
    osThreadDetach                           0x080043a1   Thumb Code    48  rtx_thread.o(.text)
    osThreadJoin                             0x080043d1   Thumb Code    48  rtx_thread.o(.text)
    osThreadTerminate                        0x08004401   Thumb Code    48  rtx_thread.o(.text)
    osThreadGetCount                         0x08004431   Thumb Code    32  rtx_thread.o(.text)
    osThreadEnumerate                        0x08004451   Thumb Code    44  rtx_thread.o(.text)
    osThreadFlagsSet                         0x0800447d   Thumb Code   112  rtx_thread.o(.text)
    osThreadFlagsClear                       0x080044ed   Thumb Code    48  rtx_thread.o(.text)
    osThreadFlagsGet                         0x0800451d   Thumb Code    32  rtx_thread.o(.text)
    osThreadFlagsWait                        0x0800453d   Thumb Code    60  rtx_thread.o(.text)
    osRtxTimerThread                         0x080046a5   Thumb Code    58  rtx_timer.o(.text)
    osTimerNew                               0x080048e9   Thumb Code    66  rtx_timer.o(.text)
    osTimerGetName                           0x0800492b   Thumb Code    38  rtx_timer.o(.text)
    osTimerStart                             0x08004951   Thumb Code    54  rtx_timer.o(.text)
    osTimerStop                              0x08004987   Thumb Code    48  rtx_timer.o(.text)
    osTimerIsRunning                         0x080049b7   Thumb Code    68  rtx_timer.o(.text)
    osTimerDelete                            0x080049fb   Thumb Code    48  rtx_timer.o(.text)
    OS_Tick_Setup                            0x08004a55   Thumb Code    58  os_systick.o(.text)
    OS_Tick_Enable                           0x08004a8f   Thumb Code    36  os_systick.o(.text)
    OS_Tick_Disable                          0x08004ab3   Thumb Code    36  os_systick.o(.text)
    OS_Tick_AcknowledgeIRQ                   0x08004ad7   Thumb Code     8  os_systick.o(.text)
    OS_Tick_GetIRQn                          0x08004adf   Thumb Code     6  os_systick.o(.text)
    OS_Tick_GetClock                         0x08004ae5   Thumb Code     6  os_systick.o(.text)
    OS_Tick_GetInterval                      0x08004aeb   Thumb Code    10  os_systick.o(.text)
    OS_Tick_GetCount                         0x08004af5   Thumb Code    12  os_systick.o(.text)
    OS_Tick_GetOverflow                      0x08004b01   Thumb Code    12  os_systick.o(.text)
    EventRecorderTimerGetCount               0x08004bc3   Thumb Code     6  eventrecorder.o(.text)
    EventRecorderTimerSetup                  0x08004c33   Thumb Code    24  eventrecorder.o(.text)
    EventRecorderTimerGetFreq                0x08004c4b   Thumb Code     6  eventrecorder.o(.text)
    EventRecorderStart                       0x08004c51   Thumb Code    40  eventrecorder.o(.text)
    EventRecorderEnable                      0x08004c79   Thumb Code    88  eventrecorder.o(.text)
    EventRecorderInitialize                  0x08004cd1   Thumb Code   228  eventrecorder.o(.text)
    EventRecorderDisable                     0x08004db5   Thumb Code    84  eventrecorder.o(.text)
    EventRecorderStop                        0x08004e09   Thumb Code    42  eventrecorder.o(.text)
    EventRecorderClockUpdate                 0x08004e33   Thumb Code    34  eventrecorder.o(.text)
    EventRecordData                          0x08004e55   Thumb Code   298  eventrecorder.o(.text)
    EventRecord2                             0x08004f7f   Thumb Code    60  eventrecorder.o(.text)
    EventRecord4                             0x08004fbb   Thumb Code   106  eventrecorder.o(.text)
    HAL_MspInit                              0x08005051   Thumb Code     2  stm32f4xx_hal.o(.text)
    HAL_InitTick                             0x08005053   Thumb Code    58  stm32f4xx_hal.o(.text)
    HAL_Init                                 0x0800508d   Thumb Code    48  stm32f4xx_hal.o(.text)
    HAL_MspDeInit                            0x080050bd   Thumb Code     2  stm32f4xx_hal.o(.text)
    HAL_DeInit                               0x080050bf   Thumb Code    48  stm32f4xx_hal.o(.text)
    HAL_IncTick                              0x080050ef   Thumb Code    12  stm32f4xx_hal.o(.text)
    HAL_GetTickPrio                          0x08005101   Thumb Code     6  stm32f4xx_hal.o(.text)
    HAL_SetTickFreq                          0x08005107   Thumb Code    24  stm32f4xx_hal.o(.text)
    HAL_GetTickFreq                          0x0800511f   Thumb Code     6  stm32f4xx_hal.o(.text)
    HAL_Delay                                0x08005125   Thumb Code    32  stm32f4xx_hal.o(.text)
    HAL_SuspendTick                          0x08005145   Thumb Code    14  stm32f4xx_hal.o(.text)
    HAL_ResumeTick                           0x08005153   Thumb Code    14  stm32f4xx_hal.o(.text)
    HAL_GetHalVersion                        0x08005161   Thumb Code     4  stm32f4xx_hal.o(.text)
    HAL_GetREVID                             0x08005165   Thumb Code     8  stm32f4xx_hal.o(.text)
    HAL_GetDEVID                             0x0800516d   Thumb Code    10  stm32f4xx_hal.o(.text)
    HAL_DBGMCU_EnableDBGSleepMode            0x08005177   Thumb Code    12  stm32f4xx_hal.o(.text)
    HAL_DBGMCU_DisableDBGSleepMode           0x08005183   Thumb Code    12  stm32f4xx_hal.o(.text)
    HAL_DBGMCU_EnableDBGStopMode             0x0800518f   Thumb Code    12  stm32f4xx_hal.o(.text)
    HAL_DBGMCU_DisableDBGStopMode            0x0800519b   Thumb Code    12  stm32f4xx_hal.o(.text)
    HAL_DBGMCU_EnableDBGStandbyMode          0x080051a7   Thumb Code    12  stm32f4xx_hal.o(.text)
    HAL_DBGMCU_DisableDBGStandbyMode         0x080051b3   Thumb Code    12  stm32f4xx_hal.o(.text)
    HAL_EnableCompensationCell               0x080051bf   Thumb Code     8  stm32f4xx_hal.o(.text)
    HAL_DisableCompensationCell              0x080051c7   Thumb Code     8  stm32f4xx_hal.o(.text)
    HAL_GetUIDw0                             0x080051cf   Thumb Code     6  stm32f4xx_hal.o(.text)
    HAL_GetUIDw1                             0x080051d5   Thumb Code     8  stm32f4xx_hal.o(.text)
    HAL_GetUIDw2                             0x080051dd   Thumb Code     8  stm32f4xx_hal.o(.text)
    HAL_EnableMemorySwappingBank             0x080051e5   Thumb Code     8  stm32f4xx_hal.o(.text)
    HAL_DisableMemorySwappingBank            0x080051ed   Thumb Code     8  stm32f4xx_hal.o(.text)
    HAL_NVIC_SetPriorityGrouping             0x08005219   Thumb Code    26  stm32f4xx_hal_cortex.o(.text)
    HAL_NVIC_SetPriority                     0x08005233   Thumb Code    60  stm32f4xx_hal_cortex.o(.text)
    HAL_NVIC_EnableIRQ                       0x0800526f   Thumb Code    26  stm32f4xx_hal_cortex.o(.text)
    HAL_NVIC_DisableIRQ                      0x08005289   Thumb Code    34  stm32f4xx_hal_cortex.o(.text)
    HAL_NVIC_SystemReset                     0x080052ab   Thumb Code    28  stm32f4xx_hal_cortex.o(.text)
    HAL_SYSTICK_Config                       0x080052c7   Thumb Code    40  stm32f4xx_hal_cortex.o(.text)
    HAL_MPU_Disable                          0x080052ef   Thumb Code    26  stm32f4xx_hal_cortex.o(.text)
    HAL_MPU_Enable                           0x08005309   Thumb Code    32  stm32f4xx_hal_cortex.o(.text)
    HAL_MPU_ConfigRegion                     0x08005329   Thumb Code    84  stm32f4xx_hal_cortex.o(.text)
    HAL_NVIC_GetPriorityGrouping             0x0800537d   Thumb Code    10  stm32f4xx_hal_cortex.o(.text)
    HAL_NVIC_GetPriority                     0x08005387   Thumb Code    86  stm32f4xx_hal_cortex.o(.text)
    HAL_NVIC_SetPendingIRQ                   0x080053dd   Thumb Code    26  stm32f4xx_hal_cortex.o(.text)
    HAL_NVIC_GetPendingIRQ                   0x080053f7   Thumb Code    40  stm32f4xx_hal_cortex.o(.text)
    HAL_NVIC_ClearPendingIRQ                 0x0800541f   Thumb Code    26  stm32f4xx_hal_cortex.o(.text)
    HAL_NVIC_GetActive                       0x08005439   Thumb Code    40  stm32f4xx_hal_cortex.o(.text)
    HAL_SYSTICK_CLKSourceConfig              0x08005461   Thumb Code    28  stm32f4xx_hal_cortex.o(.text)
    HAL_SYSTICK_Callback                     0x0800547d   Thumb Code     2  stm32f4xx_hal_cortex.o(.text)
    HAL_SYSTICK_IRQHandler                   0x0800547f   Thumb Code     8  stm32f4xx_hal_cortex.o(.text)
    HAL_GPIO_Init                            0x080054b1   Thumb Code   426  stm32f4xx_hal_gpio.o(.text)
    HAL_GPIO_DeInit                          0x0800565b   Thumb Code   270  stm32f4xx_hal_gpio.o(.text)
    HAL_GPIO_ReadPin                         0x08005769   Thumb Code    14  stm32f4xx_hal_gpio.o(.text)
    HAL_GPIO_WritePin                        0x08005777   Thumb Code    14  stm32f4xx_hal_gpio.o(.text)
    HAL_GPIO_TogglePin                       0x08005785   Thumb Code    18  stm32f4xx_hal_gpio.o(.text)
    HAL_GPIO_LockPin                         0x08005797   Thumb Code    36  stm32f4xx_hal_gpio.o(.text)
    HAL_GPIO_EXTI_Callback                   0x080057bb   Thumb Code     2  stm32f4xx_hal_gpio.o(.text)
    HAL_GPIO_EXTI_IRQHandler                 0x080057bd   Thumb Code    20  stm32f4xx_hal_gpio.o(.text)
    HAL_RCC_OscConfig                        0x08005809   Thumb Code   896  stm32f4xx_hal_rcc.o(.text)
    HAL_RCC_GetSysClockFreq                  0x08005b89   Thumb Code    96  stm32f4xx_hal_rcc.o(.text)
    HAL_RCC_ClockConfig                      0x08005be9   Thumb Code   334  stm32f4xx_hal_rcc.o(.text)
    HAL_RCC_MCOConfig                        0x08005d37   Thumb Code   130  stm32f4xx_hal_rcc.o(.text)
    HAL_RCC_EnableCSS                        0x08005db9   Thumb Code     8  stm32f4xx_hal_rcc.o(.text)
    HAL_RCC_DisableCSS                       0x08005dc1   Thumb Code     8  stm32f4xx_hal_rcc.o(.text)
    HAL_RCC_GetHCLKFreq                      0x08005dc9   Thumb Code     6  stm32f4xx_hal_rcc.o(.text)
    HAL_RCC_GetPCLK1Freq                     0x08005dcf   Thumb Code    22  stm32f4xx_hal_rcc.o(.text)
    HAL_RCC_GetPCLK2Freq                     0x08005de5   Thumb Code    22  stm32f4xx_hal_rcc.o(.text)
    HAL_RCC_GetOscConfig                     0x08005dfb   Thumb Code   178  stm32f4xx_hal_rcc.o(.text)
    HAL_RCC_GetClockConfig                   0x08005ead   Thumb Code    52  stm32f4xx_hal_rcc.o(.text)
    HAL_RCC_CSSCallback                      0x08005ee1   Thumb Code     2  stm32f4xx_hal_rcc.o(.text)
    HAL_RCC_NMI_IRQHandler                   0x08005ee3   Thumb Code    26  stm32f4xx_hal_rcc.o(.text)
    Reset_Handler                            0x08005f1d   Thumb Code     8  startup_stm32f429xx.o(.text)
    NMI_Handler                              0x08005f25   Thumb Code     2  startup_stm32f429xx.o(.text)
    HardFault_Handler                        0x08005f27   Thumb Code     2  startup_stm32f429xx.o(.text)
    MemManage_Handler                        0x08005f29   Thumb Code     2  startup_stm32f429xx.o(.text)
    BusFault_Handler                         0x08005f2b   Thumb Code     2  startup_stm32f429xx.o(.text)
    UsageFault_Handler                       0x08005f2d   Thumb Code     2  startup_stm32f429xx.o(.text)
    DebugMon_Handler                         0x08005f31   Thumb Code     2  startup_stm32f429xx.o(.text)
    ADC_IRQHandler                           0x08005f37   Thumb Code     0  startup_stm32f429xx.o(.text)
    CAN1_RX0_IRQHandler                      0x08005f37   Thumb Code     0  startup_stm32f429xx.o(.text)
    CAN1_RX1_IRQHandler                      0x08005f37   Thumb Code     0  startup_stm32f429xx.o(.text)
    CAN1_SCE_IRQHandler                      0x08005f37   Thumb Code     0  startup_stm32f429xx.o(.text)
    CAN1_TX_IRQHandler                       0x08005f37   Thumb Code     0  startup_stm32f429xx.o(.text)
    CAN2_RX0_IRQHandler                      0x08005f37   Thumb Code     0  startup_stm32f429xx.o(.text)
    CAN2_RX1_IRQHandler                      0x08005f37   Thumb Code     0  startup_stm32f429xx.o(.text)
    CAN2_SCE_IRQHandler                      0x08005f37   Thumb Code     0  startup_stm32f429xx.o(.text)
    CAN2_TX_IRQHandler                       0x08005f37   Thumb Code     0  startup_stm32f429xx.o(.text)
    DCMI_IRQHandler                          0x08005f37   Thumb Code     0  startup_stm32f429xx.o(.text)
    DMA1_Stream0_IRQHandler                  0x08005f37   Thumb Code     0  startup_stm32f429xx.o(.text)
    DMA1_Stream1_IRQHandler                  0x08005f37   Thumb Code     0  startup_stm32f429xx.o(.text)
    DMA1_Stream2_IRQHandler                  0x08005f37   Thumb Code     0  startup_stm32f429xx.o(.text)
    DMA1_Stream3_IRQHandler                  0x08005f37   Thumb Code     0  startup_stm32f429xx.o(.text)
    DMA1_Stream4_IRQHandler                  0x08005f37   Thumb Code     0  startup_stm32f429xx.o(.text)
    DMA1_Stream5_IRQHandler                  0x08005f37   Thumb Code     0  startup_stm32f429xx.o(.text)
    DMA1_Stream6_IRQHandler                  0x08005f37   Thumb Code     0  startup_stm32f429xx.o(.text)
    DMA1_Stream7_IRQHandler                  0x08005f37   Thumb Code     0  startup_stm32f429xx.o(.text)
    DMA2D_IRQHandler                         0x08005f37   Thumb Code     0  startup_stm32f429xx.o(.text)
    DMA2_Stream0_IRQHandler                  0x08005f37   Thumb Code     0  startup_stm32f429xx.o(.text)
    DMA2_Stream1_IRQHandler                  0x08005f37   Thumb Code     0  startup_stm32f429xx.o(.text)
    DMA2_Stream2_IRQHandler                  0x08005f37   Thumb Code     0  startup_stm32f429xx.o(.text)
    DMA2_Stream3_IRQHandler                  0x08005f37   Thumb Code     0  startup_stm32f429xx.o(.text)
    DMA2_Stream4_IRQHandler                  0x08005f37   Thumb Code     0  startup_stm32f429xx.o(.text)
    DMA2_Stream5_IRQHandler                  0x08005f37   Thumb Code     0  startup_stm32f429xx.o(.text)
    DMA2_Stream6_IRQHandler                  0x08005f37   Thumb Code     0  startup_stm32f429xx.o(.text)
    DMA2_Stream7_IRQHandler                  0x08005f37   Thumb Code     0  startup_stm32f429xx.o(.text)
    ETH_IRQHandler                           0x08005f37   Thumb Code     0  startup_stm32f429xx.o(.text)
    ETH_WKUP_IRQHandler                      0x08005f37   Thumb Code     0  startup_stm32f429xx.o(.text)
    EXTI0_IRQHandler                         0x08005f37   Thumb Code     0  startup_stm32f429xx.o(.text)
    EXTI15_10_IRQHandler                     0x08005f37   Thumb Code     0  startup_stm32f429xx.o(.text)
    EXTI1_IRQHandler                         0x08005f37   Thumb Code     0  startup_stm32f429xx.o(.text)
    EXTI2_IRQHandler                         0x08005f37   Thumb Code     0  startup_stm32f429xx.o(.text)
    EXTI3_IRQHandler                         0x08005f37   Thumb Code     0  startup_stm32f429xx.o(.text)
    EXTI4_IRQHandler                         0x08005f37   Thumb Code     0  startup_stm32f429xx.o(.text)
    EXTI9_5_IRQHandler                       0x08005f37   Thumb Code     0  startup_stm32f429xx.o(.text)
    FLASH_IRQHandler                         0x08005f37   Thumb Code     0  startup_stm32f429xx.o(.text)
    FMC_IRQHandler                           0x08005f37   Thumb Code     0  startup_stm32f429xx.o(.text)
    FPU_IRQHandler                           0x08005f37   Thumb Code     0  startup_stm32f429xx.o(.text)
    HASH_RNG_IRQHandler                      0x08005f37   Thumb Code     0  startup_stm32f429xx.o(.text)
    I2C1_ER_IRQHandler                       0x08005f37   Thumb Code     0  startup_stm32f429xx.o(.text)
    I2C1_EV_IRQHandler                       0x08005f37   Thumb Code     0  startup_stm32f429xx.o(.text)
    I2C2_ER_IRQHandler                       0x08005f37   Thumb Code     0  startup_stm32f429xx.o(.text)
    I2C2_EV_IRQHandler                       0x08005f37   Thumb Code     0  startup_stm32f429xx.o(.text)
    I2C3_ER_IRQHandler                       0x08005f37   Thumb Code     0  startup_stm32f429xx.o(.text)
    I2C3_EV_IRQHandler                       0x08005f37   Thumb Code     0  startup_stm32f429xx.o(.text)
    LTDC_ER_IRQHandler                       0x08005f37   Thumb Code     0  startup_stm32f429xx.o(.text)
    LTDC_IRQHandler                          0x08005f37   Thumb Code     0  startup_stm32f429xx.o(.text)
    OTG_FS_IRQHandler                        0x08005f37   Thumb Code     0  startup_stm32f429xx.o(.text)
    OTG_FS_WKUP_IRQHandler                   0x08005f37   Thumb Code     0  startup_stm32f429xx.o(.text)
    OTG_HS_EP1_IN_IRQHandler                 0x08005f37   Thumb Code     0  startup_stm32f429xx.o(.text)
    OTG_HS_EP1_OUT_IRQHandler                0x08005f37   Thumb Code     0  startup_stm32f429xx.o(.text)
    OTG_HS_IRQHandler                        0x08005f37   Thumb Code     0  startup_stm32f429xx.o(.text)
    OTG_HS_WKUP_IRQHandler                   0x08005f37   Thumb Code     0  startup_stm32f429xx.o(.text)
    PVD_IRQHandler                           0x08005f37   Thumb Code     0  startup_stm32f429xx.o(.text)
    RCC_IRQHandler                           0x08005f37   Thumb Code     0  startup_stm32f429xx.o(.text)
    RTC_Alarm_IRQHandler                     0x08005f37   Thumb Code     0  startup_stm32f429xx.o(.text)
    RTC_WKUP_IRQHandler                      0x08005f37   Thumb Code     0  startup_stm32f429xx.o(.text)
    SAI1_IRQHandler                          0x08005f37   Thumb Code     0  startup_stm32f429xx.o(.text)
    SDIO_IRQHandler                          0x08005f37   Thumb Code     0  startup_stm32f429xx.o(.text)
    SPI1_IRQHandler                          0x08005f37   Thumb Code     0  startup_stm32f429xx.o(.text)
    SPI2_IRQHandler                          0x08005f37   Thumb Code     0  startup_stm32f429xx.o(.text)
    SPI3_IRQHandler                          0x08005f37   Thumb Code     0  startup_stm32f429xx.o(.text)
    SPI4_IRQHandler                          0x08005f37   Thumb Code     0  startup_stm32f429xx.o(.text)
    SPI5_IRQHandler                          0x08005f37   Thumb Code     0  startup_stm32f429xx.o(.text)
    SPI6_IRQHandler                          0x08005f37   Thumb Code     0  startup_stm32f429xx.o(.text)
    TAMP_STAMP_IRQHandler                    0x08005f37   Thumb Code     0  startup_stm32f429xx.o(.text)
    TIM1_BRK_TIM9_IRQHandler                 0x08005f37   Thumb Code     0  startup_stm32f429xx.o(.text)
    TIM1_CC_IRQHandler                       0x08005f37   Thumb Code     0  startup_stm32f429xx.o(.text)
    TIM1_TRG_COM_TIM11_IRQHandler            0x08005f37   Thumb Code     0  startup_stm32f429xx.o(.text)
    TIM1_UP_TIM10_IRQHandler                 0x08005f37   Thumb Code     0  startup_stm32f429xx.o(.text)
    TIM2_IRQHandler                          0x08005f37   Thumb Code     0  startup_stm32f429xx.o(.text)
    TIM3_IRQHandler                          0x08005f37   Thumb Code     0  startup_stm32f429xx.o(.text)
    TIM4_IRQHandler                          0x08005f37   Thumb Code     0  startup_stm32f429xx.o(.text)
    TIM5_IRQHandler                          0x08005f37   Thumb Code     0  startup_stm32f429xx.o(.text)
    TIM6_DAC_IRQHandler                      0x08005f37   Thumb Code     0  startup_stm32f429xx.o(.text)
    TIM7_IRQHandler                          0x08005f37   Thumb Code     0  startup_stm32f429xx.o(.text)
    TIM8_BRK_TIM12_IRQHandler                0x08005f37   Thumb Code     0  startup_stm32f429xx.o(.text)
    TIM8_CC_IRQHandler                       0x08005f37   Thumb Code     0  startup_stm32f429xx.o(.text)
    TIM8_TRG_COM_TIM14_IRQHandler            0x08005f37   Thumb Code     0  startup_stm32f429xx.o(.text)
    TIM8_UP_TIM13_IRQHandler                 0x08005f37   Thumb Code     0  startup_stm32f429xx.o(.text)
    UART4_IRQHandler                         0x08005f37   Thumb Code     0  startup_stm32f429xx.o(.text)
    UART5_IRQHandler                         0x08005f37   Thumb Code     0  startup_stm32f429xx.o(.text)
    UART7_IRQHandler                         0x08005f37   Thumb Code     0  startup_stm32f429xx.o(.text)
    UART8_IRQHandler                         0x08005f37   Thumb Code     0  startup_stm32f429xx.o(.text)
    USART1_IRQHandler                        0x08005f37   Thumb Code     0  startup_stm32f429xx.o(.text)
    USART2_IRQHandler                        0x08005f37   Thumb Code     0  startup_stm32f429xx.o(.text)
    USART3_IRQHandler                        0x08005f37   Thumb Code     0  startup_stm32f429xx.o(.text)
    USART6_IRQHandler                        0x08005f37   Thumb Code     0  startup_stm32f429xx.o(.text)
    WWDG_IRQHandler                          0x08005f37   Thumb Code     0  startup_stm32f429xx.o(.text)
    SystemInit                               0x08005f41   Thumb Code    66  system_stm32f4xx.o(.text)
    SystemCoreClockUpdate                    0x08005f83   Thumb Code   120  system_stm32f4xx.o(.text)
    __aeabi_uldivmod                         0x08006019   Thumb Code    98  uldiv.o(.text)
    __aeabi_memcpy                           0x0800607b   Thumb Code    36  memcpya.o(.text)
    __aeabi_memcpy4                          0x0800607b   Thumb Code     0  memcpya.o(.text)
    __aeabi_memcpy8                          0x0800607b   Thumb Code     0  memcpya.o(.text)
    __aeabi_memset                           0x0800609f   Thumb Code    14  memseta.o(.text)
    __aeabi_memset4                          0x0800609f   Thumb Code     0  memseta.o(.text)
    __aeabi_memset8                          0x0800609f   Thumb Code     0  memseta.o(.text)
    __aeabi_memclr                           0x080060ad   Thumb Code     4  memseta.o(.text)
    __aeabi_memclr4                          0x080060ad   Thumb Code     0  memseta.o(.text)
    __aeabi_memclr8                          0x080060ad   Thumb Code     0  memseta.o(.text)
    _memset$wrapper                          0x080060b1   Thumb Code    18  memseta.o(.text)
    __aeabi_llsl                             0x080060c3   Thumb Code    30  llshl.o(.text)
    _ll_shift_l                              0x080060c3   Thumb Code     0  llshl.o(.text)
    __aeabi_llsr                             0x080060e1   Thumb Code    32  llushr.o(.text)
    _ll_ushift_r                             0x080060e1   Thumb Code     0  llushr.o(.text)
    __scatterload                            0x08006101   Thumb Code    28  init.o(.text)
    __scatterload_rt2                        0x08006101   Thumb Code     0  init.o(.text)
    __decompress                             0x08006125   Thumb Code     0  __dczerorl.o(.text)
    __decompress0                            0x08006125   Thumb Code    58  __dczerorl.o(.text)
    __scatterload_copy                       0x0800615f   Thumb Code    14  handlers.o(i.__scatterload_copy)
    __scatterload_null                       0x0800616d   Thumb Code     2  handlers.o(i.__scatterload_null)
    __scatterload_zeroinit                   0x0800616f   Thumb Code    14  handlers.o(i.__scatterload_zeroinit)
    osRtxUserSVC                             0x080061ec   Data           4  rtx_lib.o(.constdata)
    EventRecorderInfo                        0x080061f0   Data          24  eventrecorder.o(.constdata)
    AHBPrescTable                            0x08006208   Data          16  system_stm32f4xx.o(.constdata)
    APBPrescTable                            0x08006218   Data           8  system_stm32f4xx.o(.constdata)
    osRtxConfig                              0x0800622c   Data         104  rtx_lib.o(.rodata)
    os_cb_sections                           0x08006294   Data          56  rtx_lib.o(.rodata)
    Region$$Table$$Base                      0x080062cc   Number         0  anon$$obj.o(Region$$Table)
    Region$$Table$$Limit                     0x080062ec   Number         0  anon$$obj.o(Region$$Table)
    .bss.os.msgqueue.cb$$Base                0x20001040   Number         0  rtx_lib.o(.bss.os.msgqueue.cb)
    .bss.os.msgqueue.cb$$Limit               0x20001074   Number         0  rtx_lib.o(.bss.os.msgqueue.cb)
    .bss.os.thread.cb$$Base                  0x200010c4   Number         0  rtx_lib.o(.bss.os.thread.cb)
    .bss.os.thread.cb$$Limit                 0x2000114c   Number         0  rtx_lib.o(.bss.os.thread.cb)
    uwTickFreq                               0x20001360   Data           1  stm32f4xx_hal.o(.data)
    uwTickPrio                               0x20001364   Data           4  stm32f4xx_hal.o(.data)
    uwTick                                   0x20001368   Data           4  stm32f4xx_hal.o(.data)
    SystemCoreClock                          0x2000136c   Data           4  system_stm32f4xx.o(.data)
    osRtxInfo                                0x20001370   Data         164  rtx_kernel.o(.data.os)
    __initial_sp                             0x20001818   Data           0  startup_stm32f429xx.o(STACK)



==============================================================================

Memory Map of the image

  Image Entry point : 0x080001ad

  Load Region LR_IROM1 (Base: 0x08000000, Size: 0x00007700, Max: 0x00200000, ABSOLUTE, COMPRESSED[0x00006328])

    Execution Region ER_IROM1 (Exec base: 0x08000000, Load base: 0x08000000, Size: 0x000062ec, Max: 0x00200000, ABSOLUTE)

    Exec Addr    Load Addr    Size         Type   Attr      Idx    E Section Name        Object

    0x08000000   0x08000000   0x000001ac   Data   RO          935    RESET               startup_stm32f429xx.o
    0x080001ac   0x080001ac   0x00000000   Code   RO          972  * .ARM.Collect$$$$00000000  mc_w.l(entry.o)
    0x080001ac   0x080001ac   0x00000004   Code   RO          983    .ARM.Collect$$$$00000001  mc_w.l(entry2.o)
    0x080001b0   0x080001b0   0x00000004   Code   RO          986    .ARM.Collect$$$$00000004  mc_w.l(entry5.o)
    0x080001b4   0x080001b4   0x00000000   Code   RO          988    .ARM.Collect$$$$00000008  mc_w.l(entry7b.o)
    0x080001b4   0x080001b4   0x00000000   Code   RO          990    .ARM.Collect$$$$0000000A  mc_w.l(entry8b.o)
    0x080001b4   0x080001b4   0x00000008   Code   RO          991    .ARM.Collect$$$$0000000B  mc_w.l(entry9a.o)
    0x080001bc   0x080001bc   0x00000000   Code   RO          993    .ARM.Collect$$$$0000000D  mc_w.l(entry10a.o)
    0x080001bc   0x080001bc   0x00000000   Code   RO          995    .ARM.Collect$$$$0000000F  mc_w.l(entry11a.o)
    0x080001bc   0x080001bc   0x00000004   Code   RO          984    .ARM.Collect$$$$00002712  mc_w.l(entry2.o)
    0x080001c0   0x080001c0   0x00000148   Code   RO          474    .emb_text           rtx_mempool.o
    0x08000308   0x08000308   0x00000148   Code   RO          505    .emb_text           rtx_msgqueue.o
    0x08000450   0x08000450   0x00000148   Code   RO          601    .emb_text           rtx_system.o
    0x08000598   0x08000598   0x00000148   Code   RO          635    .emb_text           rtx_thread.o
    0x080006e0   0x080006e0   0x00000074   Code   RO          726    .emb_text           eventrecorder.o
    0x08000754   0x08000754   0x00000110   Code   RO            4    .text               main.o
    0x08000864   0x08000864   0x00000094   Code   RO          112    .text               blinky.o
    0x080008f8   0x080008f8   0x00000060   Code   RO          138    .text               buttons_f429discovery.o
    0x08000958   0x08000958   0x000000c8   Code   RO          162    .text               led_f429discovery.o
    0x08000a20   0x08000a20   0x00000004   Code   RO          188    .text               rtx_config.o
    0x08000a24   0x08000a24   0x000000c4   Code   RO          217    .text               irq_cm4f.o
    0x08000ae8   0x08000ae8   0x000000ec   Code   RO          225    .text               rtx_delay.o
    0x08000bd4   0x08000bd4   0x00000950   Code   RO          319    .text               rtx_evr.o
    0x08001524   0x08001524   0x000006b8   Code   RO          344    .text               rtx_kernel.o
    0x08001bdc   0x08001bdc   0x00000090   Code   RO          392    .text               rtx_lib.o
    0x08001c6c   0x08001c6c   0x00000124   Code   RO          441    .text               rtx_memory.o
    0x08001d90   0x08001d90   0x00000688   Code   RO          475    .text               rtx_mempool.o
    0x08002418   0x08002418   0x000009ac   Code   RO          506    .text               rtx_msgqueue.o
    0x08002dc4   0x08002dc4   0x00000514   Code   RO          540    .text               rtx_mutex.o
    0x080032d8   0x080032d8   0x00000150   Code   RO          602    .text               rtx_system.o
    0x08003428   0x08003428   0x000011c0   Code   RO          636    .text               rtx_thread.o
    0x080045e8   0x080045e8   0x0000046c   Code   RO          670    .text               rtx_timer.o
    0x08004a54   0x08004a54   0x000000c4   Code   RO          700    .text               os_systick.o
    0x08004b18   0x08004b18   0x00000538   Code   RO          727    .text               eventrecorder.o
    0x08005050   0x08005050   0x000001c8   Code   RO          761    .text               stm32f4xx_hal.o
    0x08005218   0x08005218   0x00000298   Code   RO          788    .text               stm32f4xx_hal_cortex.o
    0x080054b0   0x080054b0   0x00000354   Code   RO          816    .text               stm32f4xx_hal_gpio.o
    0x08005804   0x08005804   0x00000718   Code   RO          888    .text               stm32f4xx_hal_rcc.o
    0x08005f1c   0x08005f1c   0x00000024   Code   RO          936    .text               startup_stm32f429xx.o
    0x08005f40   0x08005f40   0x000000d8   Code   RO          943    .text               system_stm32f4xx.o
    0x08006018   0x08006018   0x00000062   Code   RO          975    .text               mc_w.l(uldiv.o)
    0x0800607a   0x0800607a   0x00000024   Code   RO          977    .text               mc_w.l(memcpya.o)
    0x0800609e   0x0800609e   0x00000024   Code   RO          979    .text               mc_w.l(memseta.o)
    0x080060c2   0x080060c2   0x0000001e   Code   RO          997    .text               mc_w.l(llshl.o)
    0x080060e0   0x080060e0   0x00000020   Code   RO          999    .text               mc_w.l(llushr.o)
    0x08006100   0x08006100   0x00000024   Code   RO         1001    .text               mc_w.l(init.o)
    0x08006124   0x08006124   0x0000003a   Code   RO         1011    .text               mc_w.l(__dczerorl.o)
    0x0800615e   0x0800615e   0x0000000e   Code   RO         1005    i.__scatterload_copy  mc_w.l(handlers.o)
    0x0800616c   0x0800616c   0x00000002   Code   RO         1006    i.__scatterload_null  mc_w.l(handlers.o)
    0x0800616e   0x0800616e   0x0000000e   Code   RO         1007    i.__scatterload_zeroinit  mc_w.l(handlers.o)
    0x0800617c   0x0800617c   0x00000010   Data   RO          163    .constdata          led_f429discovery.o
    0x0800618c   0x0800618c   0x00000024   Data   RO          401    .constdata          rtx_lib.o
    0x080061b0   0x080061b0   0x00000024   Data   RO          402    .constdata          rtx_lib.o
    0x080061d4   0x080061d4   0x00000018   Data   RO          403    .constdata          rtx_lib.o
    0x080061ec   0x080061ec   0x00000004   Data   RO          404    .constdata          rtx_lib.o
    0x080061f0   0x080061f0   0x00000018   Data   RO          729    .constdata          eventrecorder.o
    0x08006208   0x08006208   0x00000010   Data   RO          944    .constdata          system_stm32f4xx.o
    0x08006218   0x08006218   0x00000008   Data   RO          945    .constdata          system_stm32f4xx.o
    0x08006220   0x08006220   0x0000000b   Data   RO          345    .conststrlit        rtx_kernel.o
    0x0800622b   0x0800622b   0x00000001   PAD
    0x0800622c   0x0800622c   0x000000a0   Data   RO          406    .rodata             rtx_lib.o
    0x080062cc   0x080062cc   0x00000020   Data   RO         1003    Region$$Table       anon$$obj.o


    Execution Region RW_IRAM2 (Exec base: 0x10000000, Load base: 0x08006328, Size: 0x000004a4, Max: 0x00010000, ABSOLUTE, UNINIT)

    Exec Addr    Load Addr    Size         Type   Attr      Idx    E Section Name        Object

    0x10000000        -       0x000004a4   Zero   RW          728    .bss.noinit         eventrecorder.o


    Execution Region RW_IRAM1 (Exec base: 0x20000000, Load base: 0x080062ec, Size: 0x00001818, Max: 0x00030000, ABSOLUTE, COMPRESSED[0x0000003c])

    Exec Addr    Load Addr    Size         Type   Attr      Idx    E Section Name        Object

    0x20000000   COMPRESSED   0x00001000   Data   RW          393    .bss.os             rtx_lib.o
    0x20001000   COMPRESSED   0x00000040   Data   RW          394    .bss.os             rtx_lib.o
    0x20001040   COMPRESSED   0x00000034   Data   RW          395    .bss.os.msgqueue.cb  rtx_lib.o
    0x20001074   COMPRESSED   0x00000050   Data   RW          396    .bss.os.msgqueue.mem  rtx_lib.o
    0x200010c4   COMPRESSED   0x00000044   Data   RW          397    .bss.os.thread.cb   rtx_lib.o
    0x20001108   COMPRESSED   0x00000044   Data   RW          398    .bss.os.thread.cb   rtx_lib.o
    0x2000114c   COMPRESSED   0x00000004   PAD
    0x20001150   COMPRESSED   0x00000100   Data   RW          399    .bss.os.thread.stack  rtx_lib.o
    0x20001250   COMPRESSED   0x00000100   Data   RW          400    .bss.os.thread.stack  rtx_lib.o
    0x20001350   COMPRESSED   0x00000004   Data   RW            5    .data               main.o
    0x20001354   COMPRESSED   0x00000008   Data   RW          113    .data               blinky.o
    0x2000135c   COMPRESSED   0x00000001   Data   RW          701    .data               os_systick.o
    0x2000135d   COMPRESSED   0x00000003   PAD
    0x20001360   COMPRESSED   0x0000000c   Data   RW          762    .data               stm32f4xx_hal.o
    0x2000136c   COMPRESSED   0x00000004   Data   RW          946    .data               system_stm32f4xx.o
    0x20001370   COMPRESSED   0x000000a4   Data   RW          346    .data.os            rtx_kernel.o
    0x20001414   COMPRESSED   0x00000004   PAD
    0x20001418        -       0x00000400   Zero   RW          933    STACK               startup_stm32f429xx.o


==============================================================================

Image component sizes


      Code (inc. data)   RO Data    RW Data    ZI Data      Debug   Object Name

       148         10          0          8          0       4782   blinky.o
        96         10          0          0          0       2072   buttons_f429discovery.o
      1452         40         24          0       1188      17744   eventrecorder.o
       196         12          0          0          0        680   irq_cm4f.o
       200         14         16          0          0       2793   led_f429discovery.o
       272         26          0          4          0     710667   main.o
       196         12          0          1          0       2032   os_systick.o
         4          0          0          0          0       7910   rtx_config.o
       236         14          0          0          0      12963   rtx_delay.o
      2384         94          0          0          0      44989   rtx_evr.o
      1720         98         11        164          0      27657   rtx_kernel.o
       144          0        260       4940          0       9983   rtx_lib.o
       292          0          0          0          0       3891   rtx_memory.o
      2000         48          0          0          0      15380   rtx_mempool.o
      2804         54          0          0          0      23760   rtx_msgqueue.o
      1300         32          0          0          0       9755   rtx_mutex.o
       664         18          0          0          0       8641   rtx_system.o
      4872        126          0          0          0      33093   rtx_thread.o
      1132         40          0          0          0       7549   rtx_timer.o
        36          8        428          0       1024        876   startup_stm32f429xx.o
       456         36          0         12          0       6471   stm32f4xx_hal.o
       664         10          0          0          0      36462   stm32f4xx_hal_cortex.o
       852         52          0          0          0       4283   stm32f4xx_hal_gpio.o
      1816         56          0          0          0       6351   stm32f4xx_hal_rcc.o
       216         30         24          4          0       1805   system_stm32f4xx.o

    ----------------------------------------------------------------------
     24152        840        796       5140       2216    1002589   Object Totals
         0          0         32          0          0          0   (incl. Generated)
         0          0          1          7          4          0   (incl. Padding)

    ----------------------------------------------------------------------

      Code (inc. data)   RO Data    RW Data    ZI Data      Debug   Library Member Name

        58          0          0          0          0          0   __dczerorl.o
         0          0          0          0          0          0   entry.o
         0          0          0          0          0          0   entry10a.o
         0          0          0          0          0          0   entry11a.o
         8          4          0          0          0          0   entry2.o
         4          0          0          0          0          0   entry5.o
         0          0          0          0          0          0   entry7b.o
         0          0          0          0          0          0   entry8b.o
         8          4          0          0          0          0   entry9a.o
        30          0          0          0          0          0   handlers.o
        36          8          0          0          0         68   init.o
        30          0          0          0          0         68   llshl.o
        32          0          0          0          0         68   llushr.o
        36          0          0          0          0         68   memcpya.o
        36          0          0          0          0        108   memseta.o
        98          0          0          0          0         92   uldiv.o

    ----------------------------------------------------------------------
       376         16          0          0          0        472   Library Totals
         0          0          0          0          0          0   (incl. Padding)

    ----------------------------------------------------------------------

      Code (inc. data)   RO Data    RW Data    ZI Data      Debug   Library Name

       376         16          0          0          0        472   mc_w.l

    ----------------------------------------------------------------------
       376         16          0          0          0        472   Library Totals

    ----------------------------------------------------------------------

==============================================================================


      Code (inc. data)   RO Data    RW Data    ZI Data      Debug   

     24528        856        796       5140       2216     998889   Grand Totals
     24528        856        796         60       2216     998889   ELF Image Totals (compressed)
     24528        856        796         60          0          0   ROM Totals

==============================================================================

    Total RO  Size (Code + RO Data)                25324 (  24.73kB)
    Total RW  Size (RW Data + ZI Data)              7356 (   7.18kB)
    Total ROM Size (Code + RO Data + RW Data)      25384 (  24.79kB)

==============================================================================

